Component: Arm Compiler for Embedded 6.21 Tool: armlink [5ec1fa00]

==============================================================================

Section Cross References

    startup_stm32f103xb.o(STACK) refers (Special) to heapauxi.o(.text) for __use_two_region_memory
    startup_stm32f103xb.o(HEAP) refers (Special) to heapauxi.o(.text) for __use_two_region_memory
    startup_stm32f103xb.o(RESET) refers (Special) to heapauxi.o(.text) for __use_two_region_memory
    startup_stm32f103xb.o(RESET) refers to startup_stm32f103xb.o(STACK) for __initial_sp
    startup_stm32f103xb.o(RESET) refers to startup_stm32f103xb.o(.text) for Reset_Handler
    startup_stm32f103xb.o(RESET) refers to stm32f1xx_it.o(.text.NMI_Handler) for NMI_Handler
    startup_stm32f103xb.o(RESET) refers to stm32f1xx_it.o(.text.HardFault_Handler) for HardFault_Handler
    startup_stm32f103xb.o(RESET) refers to stm32f1xx_it.o(.text.MemManage_Handler) for MemManage_Handler
    startup_stm32f103xb.o(RESET) refers to stm32f1xx_it.o(.text.BusFault_Handler) for BusFault_Handler
    startup_stm32f103xb.o(RESET) refers to stm32f1xx_it.o(.text.UsageFault_Handler) for UsageFault_Handler
    startup_stm32f103xb.o(RESET) refers to stm32f1xx_it.o(.text.SVC_Handler) for SVC_Handler
    startup_stm32f103xb.o(RESET) refers to stm32f1xx_it.o(.text.DebugMon_Handler) for DebugMon_Handler
    startup_stm32f103xb.o(RESET) refers to stm32f1xx_it.o(.text.PendSV_Handler) for PendSV_Handler
    startup_stm32f103xb.o(RESET) refers to main.o(.text.SysTick_Handler) for SysTick_Handler
    startup_stm32f103xb.o(.text) refers (Special) to heapauxi.o(.text) for __use_two_region_memory
    startup_stm32f103xb.o(.text) refers to system_stm32f1xx.o(.text.SystemInit) for SystemInit
    startup_stm32f103xb.o(.text) refers to __main.o(!!!main) for __main
    startup_stm32f103xb.o(.text) refers to startup_stm32f103xb.o(HEAP) for Heap_Mem
    startup_stm32f103xb.o(.text) refers to startup_stm32f103xb.o(STACK) for Stack_Mem
    i2c-lcd.o(.text.lcd_send_cmd) refers to i2c.o(.bss.hi2c1) for hi2c1
    i2c-lcd.o(.text.lcd_send_cmd) refers to stm32f1xx_hal_i2c.o(.text.HAL_I2C_Master_Transmit) for HAL_I2C_Master_Transmit
    i2c-lcd.o(.ARM.exidx.text.lcd_send_cmd) refers to i2c-lcd.o(.text.lcd_send_cmd) for [Anonymous Symbol]
    i2c-lcd.o(.text.lcd_send_data) refers to i2c.o(.bss.hi2c1) for hi2c1
    i2c-lcd.o(.text.lcd_send_data) refers to stm32f1xx_hal_i2c.o(.text.HAL_I2C_Master_Transmit) for HAL_I2C_Master_Transmit
    i2c-lcd.o(.ARM.exidx.text.lcd_send_data) refers to i2c-lcd.o(.text.lcd_send_data) for [Anonymous Symbol]
    i2c-lcd.o(.text.lcd_clear) refers to i2c.o(.bss.hi2c1) for hi2c1
    i2c-lcd.o(.text.lcd_clear) refers to stm32f1xx_hal_i2c.o(.text.HAL_I2C_Master_Transmit) for HAL_I2C_Master_Transmit
    i2c-lcd.o(.ARM.exidx.text.lcd_clear) refers to i2c-lcd.o(.text.lcd_clear) for [Anonymous Symbol]
    i2c-lcd.o(.text.lcd_put_cur) refers to i2c.o(.bss.hi2c1) for hi2c1
    i2c-lcd.o(.text.lcd_put_cur) refers to stm32f1xx_hal_i2c.o(.text.HAL_I2C_Master_Transmit) for HAL_I2C_Master_Transmit
    i2c-lcd.o(.ARM.exidx.text.lcd_put_cur) refers to i2c-lcd.o(.text.lcd_put_cur) for [Anonymous Symbol]
    i2c-lcd.o(.text.lcd_init) refers to delay.o(.text.delay_ms) for delay_ms
    i2c-lcd.o(.text.lcd_init) refers to i2c.o(.bss.hi2c1) for hi2c1
    i2c-lcd.o(.text.lcd_init) refers to stm32f1xx_hal_i2c.o(.text.HAL_I2C_Master_Transmit) for HAL_I2C_Master_Transmit
    i2c-lcd.o(.ARM.exidx.text.lcd_init) refers to i2c-lcd.o(.text.lcd_init) for [Anonymous Symbol]
    i2c-lcd.o(.text.lcd_send_string) refers to i2c.o(.bss.hi2c1) for hi2c1
    i2c-lcd.o(.text.lcd_send_string) refers to stm32f1xx_hal_i2c.o(.text.HAL_I2C_Master_Transmit) for HAL_I2C_Master_Transmit
    i2c-lcd.o(.ARM.exidx.text.lcd_send_string) refers to i2c-lcd.o(.text.lcd_send_string) for [Anonymous Symbol]
    dongco.o(.text.setDao) refers to dongco.o(.data.xungSetDao) for xungSetDao
    dongco.o(.text.setDao) refers to delay.o(.text.delay_us) for delay_us
    dongco.o(.ARM.exidx.text.setDao) refers to dongco.o(.text.setDao) for [Anonymous Symbol]
    dongco.o(.text.catDay) refers to delay.o(.text.delay_us) for delay_us
    dongco.o(.text.catDay) refers to delay.o(.text.delay_ms) for delay_ms
    dongco.o(.ARM.exidx.text.catDay) refers to dongco.o(.text.catDay) for [Anonymous Symbol]
    dongco.o(.text.tuotday_len) refers to delay.o(.text.delay_us) for delay_us
    dongco.o(.ARM.exidx.text.tuotday_len) refers to dongco.o(.text.tuotday_len) for [Anonymous Symbol]
    dongco.o(.text.tuotday_xuong) refers to delay.o(.text.delay_us) for delay_us
    dongco.o(.ARM.exidx.text.tuotday_xuong) refers to dongco.o(.text.tuotday_xuong) for [Anonymous Symbol]
    delay.o(.text.delay_us) refers to tim.o(.bss.htim1) for htim1
    delay.o(.ARM.exidx.text.delay_us) refers to delay.o(.text.delay_us) for [Anonymous Symbol]
    delay.o(.text.delay_ms) refers to tim.o(.bss.htim1) for htim1
[...]
    Removing stm32f1xx_hal_uart.o(.text.HAL_UARTEx_RxEventCallback), (2 bytes).
    Removing stm32f1xx_hal_uart.o(.ARM.exidx.text.HAL_UARTEx_RxEventCallback), (8 bytes).
    Removing stm32f1xx_hal_uart.o(.text.HAL_UART_TxCpltCallback), (2 bytes).
    Removing stm32f1xx_hal_uart.o(.ARM.exidx.text.HAL_UART_TxCpltCallback), (8 bytes).
    Removing stm32f1xx_hal_uart.o(.text.HAL_UART_TxHalfCpltCallback), (2 bytes).
    Removing stm32f1xx_hal_uart.o(.ARM.exidx.text.HAL_UART_TxHalfCpltCallback), (8 bytes).
    Removing stm32f1xx_hal_uart.o(.text.HAL_UART_RxCpltCallback), (2 bytes).
    Removing stm32f1xx_hal_uart.o(.ARM.exidx.text.HAL_UART_RxCpltCallback), (8 bytes).
    Removing stm32f1xx_hal_uart.o(.text.HAL_UART_RxHalfCpltCallback), (2 bytes).
    Removing stm32f1xx_hal_uart.o(.ARM.exidx.text.HAL_UART_RxHalfCpltCallback), (8 bytes).
    Removing stm32f1xx_hal_uart.o(.text.HAL_LIN_SendBreak), (44 bytes).
    Removing stm32f1xx_hal_uart.o(.ARM.exidx.text.HAL_LIN_SendBreak), (8 bytes).
    Removing stm32f1xx_hal_uart.o(.text.HAL_MultiProcessor_EnterMuteMode), (44 bytes).
    Removing stm32f1xx_hal_uart.o(.ARM.exidx.text.HAL_MultiProcessor_EnterMuteMode), (8 bytes).
    Removing stm32f1xx_hal_uart.o(.text.HAL_MultiProcessor_ExitMuteMode), (44 bytes).
    Removing stm32f1xx_hal_uart.o(.ARM.exidx.text.HAL_MultiProcessor_ExitMuteMode), (8 bytes).
    Removing stm32f1xx_hal_uart.o(.text.HAL_HalfDuplex_EnableTransmitter), (44 bytes).
    Removing stm32f1xx_hal_uart.o(.ARM.exidx.text.HAL_HalfDuplex_EnableTransmitter), (8 bytes).
    Removing stm32f1xx_hal_uart.o(.text.HAL_HalfDuplex_EnableReceiver), (46 bytes).
    Removing stm32f1xx_hal_uart.o(.ARM.exidx.text.HAL_HalfDuplex_EnableReceiver), (8 bytes).
    Removing stm32f1xx_hal_uart.o(.text.HAL_UART_GetState), (14 bytes).
    Removing stm32f1xx_hal_uart.o(.ARM.exidx.text.HAL_UART_GetState), (8 bytes).
    Removing stm32f1xx_hal_uart.o(.text.HAL_UART_GetError), (4 bytes).
    Removing stm32f1xx_hal_uart.o(.ARM.exidx.text.HAL_UART_GetError), (8 bytes).
    Removing stm32f1xx_hal_uart.o(.text.UART_DMAReceiveCplt), (76 bytes).
    Removing stm32f1xx_hal_uart.o(.ARM.exidx.text.UART_DMAReceiveCplt), (8 bytes).
    Removing stm32f1xx_hal_uart.o(.text.UART_DMARxHalfCplt), (20 bytes).
    Removing stm32f1xx_hal_uart.o(.ARM.exidx.text.UART_DMARxHalfCplt), (8 bytes).
    Removing system_stm32f1xx.o(.text), (0 bytes).
    Removing system_stm32f1xx.o(.ARM.exidx.text.SystemInit), (8 bytes).
    Removing system_stm32f1xx.o(.text.SystemCoreClockUpdate), (92 bytes).
    Removing system_stm32f1xx.o(.ARM.exidx.text.SystemCoreClockUpdate), (8 bytes).

884 unused section(s) (total 55677 bytes) removed from the image.

==============================================================================

Image Symbol Table

    Local Symbols

    Symbol Name                              Value     Ov Type        Size  Object(Section)

    ../clib/angel/boardlib.s                 0x00000000   Number         0  boardinit1.o ABSOLUTE
    ../clib/angel/boardlib.s                 0x00000000   Number         0  boardinit2.o ABSOLUTE
    ../clib/angel/boardlib.s                 0x00000000   Number         0  boardinit3.o ABSOLUTE
    ../clib/angel/boardlib.s                 0x00000000   Number         0  boardshut.o ABSOLUTE
    ../clib/angel/handlers.s                 0x00000000   Number         0  __scatter_copy.o ABSOLUTE
    ../clib/angel/handlers.s                 0x00000000   Number         0  __scatter_zi.o ABSOLUTE
    ../clib/angel/kernel.s                   0x00000000   Number         0  __rtentry.o ABSOLUTE
    ../clib/angel/kernel.s                   0x00000000   Number         0  __rtentry2.o ABSOLUTE
    ../clib/angel/kernel.s                   0x00000000   Number         0  __rtentry4.o ABSOLUTE
    ../clib/angel/kernel.s                   0x00000000   Number         0  rtexit.o ABSOLUTE
    ../clib/angel/kernel.s                   0x00000000   Number         0  rtexit2.o ABSOLUTE
    ../clib/angel/rt.s                       0x00000000   Number         0  rt_raise.o ABSOLUTE
    ../clib/angel/scatter.s                  0x00000000   Number         0  __scatter.o ABSOLUTE
    ../clib/angel/startup.s                  0x00000000   Number         0  __main.o ABSOLUTE
    ../clib/angel/sys.s                      0x00000000   Number         0  sys_stackheap_outer.o ABSOLUTE
    ../clib/angel/sys.s                      0x00000000   Number         0  libspace.o ABSOLUTE
    ../clib/angel/sys.s                      0x00000000   Number         0  use_no_semi.o ABSOLUTE
    ../clib/angel/sys.s                      0x00000000   Number         0  indicate_semi.o ABSOLUTE
    ../clib/angel/sysapp.c                   0x00000000   Number         0  sys_exit.o ABSOLUTE
    ../clib/angel/sysapp.c                   0x00000000   Number         0  sys_exit_hlt.o ABSOLUTE
    ../clib/angel/sysapp.c                   0x00000000   Number         0  sys_command.o ABSOLUTE
    ../clib/angel/sysapp.c                   0x00000000   Number         0  sys_command_hlt.o ABSOLUTE
    ../clib/angel/sysapp.c                   0x00000000   Number         0  sys_wrch.o ABSOLUTE
    ../clib/angel/sysapp.c                   0x00000000   Number         0  sys_wrch_hlt.o ABSOLUTE
    ../clib/armsys.c                         0x00000000   Number         0  argv_veneer.o ABSOLUTE
    ../clib/armsys.c                         0x00000000   Number         0  argv_veneer.o ABSOLUTE
    ../clib/armsys.c                         0x00000000   Number         0  _get_argv_nomalloc.o ABSOLUTE
    ../clib/armsys.c                         0x00000000   Number         0  no_argv.o ABSOLUTE
    ../clib/heapalloc.c                      0x00000000   Number         0  hrguard.o ABSOLUTE
    ../clib/heapaux.c                        0x00000000   Number         0  heapauxi.o ABSOLUTE
    ../clib/libinit.s                        0x00000000   Number         0  libinit.o ABSOLUTE
    ../clib/libinit.s                        0x00000000   Number         0  libinit2.o ABSOLUTE
    ../clib/libinit.s                        0x00000000   Number         0  libshutdown.o ABSOLUTE
    ../clib/libinit.s                        0x00000000   Number         0  libshutdown2.o ABSOLUTE
    ../clib/misc.s                           0x00000000   Number         0  printf_stubs.o ABSOLUTE
    ../clib/printf.c                         0x00000000   Number         0  __2sprintf.o ABSOLUTE
    ../clib/printf.c                         0x00000000   Number         0  noretval__2sprintf.o ABSOLUTE
    ../clib/printf.c                         0x00000000   Number         0  __printf.o ABSOLUTE
    ../clib/printf.c                         0x00000000   Number         0  _printf_dec.o ABSOLUTE
    ../clib/printf.c                         0x00000000   Number         0  __printf_flags.o ABSOLUTE
    ../clib/printf.c                         0x00000000   Number         0  __printf_ss.o ABSOLUTE
    ../clib/printf.c                         0x00000000   Number         0  __printf_flags_ss.o ABSOLUTE
    ../clib/printf.c                         0x00000000   Number         0  __printf_wp.o ABSOLUTE
    ../clib/printf.c                         0x00000000   Number         0  __printf_flags_wp.o ABSOLUTE
    ../clib/printf.c                         0x00000000   Number         0  __printf_ss_wp.o ABSOLUTE
    ../clib/printf.c                         0x00000000   Number         0  __printf_flags_ss_wp.o ABSOLUTE
    ../clib/printf.c                         0x00000000   Number         0  _printf_intcommon.o ABSOLUTE
    ../clib/printf.c                         0x00000000   Number         0  _printf_char_common.o ABSOLUTE
    ../clib/printf.c                         0x00000000   Number         0  _sputc.o ABSOLUTE
    ../clib/printf.c                         0x00000000   Number         0  __printf_nopercent.o ABSOLUTE
    ../clib/printf_percent.s                 0x00000000   Number         0  _printf_d.o ABSOLUTE
    ../clib/printf_percent.s                 0x00000000   Number         0  _printf_percent.o ABSOLUTE
    ../clib/printf_percent.s                 0x00000000   Number         0  _printf_percent_end.o ABSOLUTE
    ../clib/signal.c                         0x00000000   Number         0  defsig_rtmem_outer.o ABSOLUTE
    ../clib/signal.c                         0x00000000   Number         0  defsig_rtmem_formal.o ABSOLUTE
    ../clib/signal.c                         0x00000000   Number         0  defsig_exit.o ABSOLUTE
    ../clib/signal.c                         0x00000000   Number         0  defsig_rtmem_inner.o ABSOLUTE
    ../clib/signal.c                         0x00000000   Number         0  __raise.o ABSOLUTE
    ../clib/signal.c                         0x00000000   Number         0  defsig_general.o ABSOLUTE
    ../clib/signal.c                         0x00000000   Number         0  defsig_abrt_inner.o ABSOLUTE
    ../clib/signal.c                         0x00000000   Number         0  defsig_fpe_inner.o ABSOLUTE
    ../clib/signal.c                         0x00000000   Number         0  defsig_rtred_inner.o ABSOLUTE
    ../clib/signal.c                         0x00000000   Number         0  defsig_stak_inner.o ABSOLUTE
    ../clib/signal.c                         0x00000000   Number         0  defsig_pvfn_inner.o ABSOLUTE
    ../clib/signal.c                         0x00000000   Number         0  defsig_cppl_inner.o ABSOLUTE
    ../clib/signal.c                         0x00000000   Number         0  defsig_segv_inner.o ABSOLUTE
    ../clib/signal.c                         0x00000000   Number         0  defsig_other.o ABSOLUTE
    ../clib/signal.s                         0x00000000   Number         0  defsig.o ABSOLUTE
    ../clib/stdlib.c                         0x00000000   Number         0  exit.o ABSOLUTE
    ../fplib/faddsub.s                       0x00000000   Number         0  faddsub_clz.o ABSOLUTE
    ../fplib/ffix.s                          0x00000000   Number         0  ffix.o ABSOLUTE
    ../fplib/fflt.s                          0x00000000   Number         0  fflt_clz.o ABSOLUTE
    ../fplib/fmul.s                          0x00000000   Number         0  fmul.o ABSOLUTE
    ../fplib/fnaninf.s                       0x00000000   Number         0  fnaninf.o ABSOLUTE
    ../fplib/fpinit.s                        0x00000000   Number         0  fpinit.o ABSOLUTE
    ../fplib/fpinit_empty.s                  0x00000000   Number         0  fpinit_empty.o ABSOLUTE
    ../fplib/fretinf.s                       0x00000000   Number         0  fretinf.o ABSOLUTE
    ../fplib/frnd.s                          0x00000000   Number         0  frnd.o ABSOLUTE
    ../fplib/usenofp.s                       0x00000000   Number         0  usenofp.o ABSOLUTE
    ../mathlib/round.c                       0x00000000   Number         0  roundf.o ABSOLUTE
    EOS.c                                    0x00000000   Number         0  eos.o ABSOLUTE
    dc.s                                     0x00000000   Number         0  dc.o ABSOLUTE
    delay.c                                  0x00000000   Number         0  delay.o ABSOLUTE
    dongco.c                                 0x00000000   Number         0  dongco.o ABSOLUTE
    encoder.c                                0x00000000   Number         0  encoder.o ABSOLUTE
    gpio.c                                   0x00000000   Number         0  gpio.o ABSOLUTE
    i2c-lcd.c                                0x00000000   Number         0  i2c-lcd.o ABSOLUTE
    i2c.c                                    0x00000000   Number         0  i2c.o ABSOLUTE
    main.c                                   0x00000000   Number         0  main.o ABSOLUTE
    startup_stm32f103xb.s                    0x00000000   Number         0  startup_stm32f103xb.o ABSOLUTE
    stm32f1xx_hal.c                          0x00000000   Number         0  stm32f1xx_hal.o ABSOLUTE
    stm32f1xx_hal_cortex.c                   0x00000000   Number         0  stm32f1xx_hal_cortex.o ABSOLUTE
    stm32f1xx_hal_dma.c                      0x00000000   Number         0  stm32f1xx_hal_dma.o ABSOLUTE
    stm32f1xx_hal_exti.c                     0x00000000   Number         0  stm32f1xx_hal_exti.o ABSOLUTE
    stm32f1xx_hal_flash.c                    0x00000000   Number         0  stm32f1xx_hal_flash.o ABSOLUTE
    stm32f1xx_hal_flash_ex.c                 0x00000000   Number         0  stm32f1xx_hal_flash_ex.o ABSOLUTE
    stm32f1xx_hal_gpio.c                     0x00000000   Number         0  stm32f1xx_hal_gpio.o ABSOLUTE
    stm32f1xx_hal_gpio_ex.c                  0x00000000   Number         0  stm32f1xx_hal_gpio_ex.o ABSOLUTE
    stm32f1xx_hal_i2c.c                      0x00000000   Number         0  stm32f1xx_hal_i2c.o ABSOLUTE
    stm32f1xx_hal_msp.c                      0x00000000   Number         0  stm32f1xx_hal_msp.o ABSOLUTE
    stm32f1xx_hal_pwr.c                      0x00000000   Number         0  stm32f1xx_hal_pwr.o ABSOLUTE
    stm32f1xx_hal_rcc.c                      0x00000000   Number         0  stm32f1xx_hal_rcc.o ABSOLUTE
    stm32f1xx_hal_rcc_ex.c                   0x00000000   Number         0  stm32f1xx_hal_rcc_ex.o ABSOLUTE
    stm32f1xx_hal_tim.c                      0x00000000   Number         0  stm32f1xx_hal_tim.o ABSOLUTE
    stm32f1xx_hal_tim_ex.c                   0x00000000   Number         0  stm32f1xx_hal_tim_ex.o ABSOLUTE
    stm32f1xx_hal_uart.c                     0x00000000   Number         0  stm32f1xx_hal_uart.o ABSOLUTE
    stm32f1xx_it.c                           0x00000000   Number         0  stm32f1xx_it.o ABSOLUTE
    system_stm32f1xx.c                       0x00000000   Number         0  system_stm32f1xx.o ABSOLUTE
    tim.c                                    0x00000000   Number         0  tim.o ABSOLUTE
    usart.c                                  0x00000000   Number         0  usart.o ABSOLUTE
    RESET                                    0x08000000   Section      236  startup_stm32f103xb.o(RESET)
    !!!main                                  0x080000ec   Section        8  __main.o(!!!main)
    !!!scatter                               0x080000f4   Section       92  __scatter.o(!!!scatter)
    !!handler_copy                           0x08000150   Section       26  __scatter_copy.o(!!handler_copy)
    !!handler_null                           0x0800016c   Section        2  __scatter.o(!!handler_null)
    !!handler_zi                             0x08000170   Section       28  __scatter_zi.o(!!handler_zi)
    .ARM.Collect$$_printf_percent$$00000000  0x0800018c   Section        0  _printf_percent.o(.ARM.Collect$$_printf_percent$$00000000)
    .ARM.Collect$$_printf_percent$$00000009  0x0800018c   Section        6  _printf_d.o(.ARM.Collect$$_printf_percent$$00000009)
    .ARM.Collect$$_printf_percent$$00000017  0x08000192   Section        4  _printf_percent_end.o(.ARM.Collect$$_printf_percent$$00000017)
    .ARM.Collect$$libinit$$00000000          0x08000196   Section        2  libinit.o(.ARM.Collect$$libinit$$00000000)
    .ARM.Collect$$libinit$$00000002          0x08000198   Section        0  libinit2.o(.ARM.Collect$$libinit$$00000002)
    .ARM.Collect$$libinit$$00000004          0x08000198   Section        0  libinit2.o(.ARM.Collect$$libinit$$00000004)
    .ARM.Collect$$libinit$$00000006          0x08000198   Section        0  libinit2.o(.ARM.Collect$$libinit$$00000006)
    .ARM.Collect$$libinit$$0000000C          0x08000198   Section        0  libinit2.o(.ARM.Collect$$libinit$$0000000C)
    .ARM.Collect$$libinit$$0000000E          0x08000198   Section        0  libinit2.o(.ARM.Collect$$libinit$$0000000E)
    .ARM.Collect$$libinit$$00000010          0x08000198   Section        0  libinit2.o(.ARM.Collect$$libinit$$00000010)
    .ARM.Collect$$libinit$$00000013          0x08000198   Section        0  libinit2.o(.ARM.Collect$$libinit$$00000013)
    .ARM.Collect$$libinit$$00000015          0x08000198   Section        0  libinit2.o(.ARM.Collect$$libinit$$00000015)
    .ARM.Collect$$libinit$$00000017          0x08000198   Section        0  libinit2.o(.ARM.Collect$$libinit$$00000017)
    .ARM.Collect$$libinit$$00000019          0x08000198   Section        0  libinit2.o(.ARM.Collect$$libinit$$00000019)
    .ARM.Collect$$libinit$$0000001B          0x08000198   Section        0  libinit2.o(.ARM.Collect$$libinit$$0000001B)
    .ARM.Collect$$libinit$$0000001D          0x08000198   Section        0  libinit2.o(.ARM.Collect$$libinit$$0000001D)
    .ARM.Collect$$libinit$$0000001F          0x08000198   Section        0  libinit2.o(.ARM.Collect$$libinit$$0000001F)
    .ARM.Collect$$libinit$$00000021          0x08000198   Section        0  libinit2.o(.ARM.Collect$$libinit$$00000021)
    .ARM.Collect$$libinit$$00000023          0x08000198   Section        0  libinit2.o(.ARM.Collect$$libinit$$00000023)
    .ARM.Collect$$libinit$$00000025          0x08000198   Section        0  libinit2.o(.ARM.Collect$$libinit$$00000025)
    .ARM.Collect$$libinit$$00000027          0x08000198   Section        0  libinit2.o(.ARM.Collect$$libinit$$00000027)
    .ARM.Collect$$libinit$$0000002E          0x08000198   Section        0  libinit2.o(.ARM.Collect$$libinit$$0000002E)
    .ARM.Collect$$libinit$$00000030          0x08000198   Section        0  libinit2.o(.ARM.Collect$$libinit$$00000030)
    .ARM.Collect$$libinit$$00000032          0x08000198   Section        0  libinit2.o(.ARM.Collect$$libinit$$00000032)
    .ARM.Collect$$libinit$$00000034          0x08000198   Section        0  libinit2.o(.ARM.Collect$$libinit$$00000034)
    .ARM.Collect$$libinit$$00000035          0x08000198   Section        2  libinit2.o(.ARM.Collect$$libinit$$00000035)
    .ARM.Collect$$libshutdown$$00000000      0x0800019a   Section        2  libshutdown.o(.ARM.Collect$$libshutdown$$00000000)
    .ARM.Collect$$libshutdown$$00000002      0x0800019c   Section        0  libshutdown2.o(.ARM.Collect$$libshutdown$$00000002)
    .ARM.Collect$$libshutdown$$00000004      0x0800019c   Section        0  libshutdown2.o(.ARM.Collect$$libshutdown$$00000004)
    .ARM.Collect$$libshutdown$$00000007      0x0800019c   Section        0  libshutdown2.o(.ARM.Collect$$libshutdown$$00000007)
    .ARM.Collect$$libshutdown$$0000000A      0x0800019c   Section        0  libshutdown2.o(.ARM.Collect$$libshutdown$$0000000A)
    .ARM.Collect$$libshutdown$$0000000C      0x0800019c   Section        0  libshutdown2.o(.ARM.Collect$$libshutdown$$0000000C)
    .ARM.Collect$$libshutdown$$0000000F      0x0800019c   Section        0  libshutdown2.o(.ARM.Collect$$libshutdown$$0000000F)
    .ARM.Collect$$libshutdown$$00000010      0x0800019c   Section        2  libshutdown2.o(.ARM.Collect$$libshutdown$$00000010)
    .ARM.Collect$$rtentry$$00000000          0x0800019e   Section        0  __rtentry.o(.ARM.Collect$$rtentry$$00000000)
    .ARM.Collect$$rtentry$$00000002          0x0800019e   Section        0  __rtentry2.o(.ARM.Collect$$rtentry$$00000002)
    .ARM.Collect$$rtentry$$00000004          0x0800019e   Section        6  __rtentry4.o(.ARM.Collect$$rtentry$$00000004)
    .ARM.Collect$$rtentry$$00000009          0x080001a4   Section        0  __rtentry2.o(.ARM.Collect$$rtentry$$00000009)
    .ARM.Collect$$rtentry$$0000000A          0x080001a4   Section        4  __rtentry2.o(.ARM.Collect$$rtentry$$0000000A)
    .ARM.Collect$$rtentry$$0000000C          0x080001a8   Section        0  __rtentry2.o(.ARM.Collect$$rtentry$$0000000C)
    .ARM.Collect$$rtentry$$0000000D          0x080001a8   Section        8  __rtentry2.o(.ARM.Collect$$rtentry$$0000000D)
    .ARM.Collect$$rtexit$$00000000           0x080001b0   Section        2  rtexit.o(.ARM.Collect$$rtexit$$00000000)
    .ARM.Collect$$rtexit$$00000002           0x080001b2   Section        0  rtexit2.o(.ARM.Collect$$rtexit$$00000002)
    .ARM.Collect$$rtexit$$00000003           0x080001b2   Section        4  rtexit2.o(.ARM.Collect$$rtexit$$00000003)
    .ARM.Collect$$rtexit$$00000004           0x080001b6   Section        6  rtexit2.o(.ARM.Collect$$rtexit$$00000004)
    .text                                    0x080001bc   Section       64  startup_stm32f103xb.o(.text)
    .text                                    0x080001fc   Section        0  noretval__2sprintf.o(.text)
    .text                                    0x08000224   Section        0  _printf_dec.o(.text)
    .text                                    0x0800029c   Section        0  __printf_wp.o(.text)
    .text                                    0x080003aa   Section        0  heapauxi.o(.text)
    .text                                    0x080003b0   Section        0  _printf_intcommon.o(.text)
    _printf_input_char                       0x08000465   Thumb Code    10  _printf_char_common.o(.text)
    .text                                    0x08000464   Section        0  _printf_char_common.o(.text)
    .text                                    0x08000494   Section        0  _sputc.o(.text)
    .text                                    0x0800049e   Section       74  sys_stackheap_outer.o(.text)
    .text                                    0x080004e8   Section        0  exit.o(.text)
    .text                                    0x080004fc   Section        8  libspace.o(.text)
    .text                                    0x08000504   Section        0  sys_exit.o(.text)
    .text                                    0x08000510   Section        2  use_no_semi.o(.text)
    .text                                    0x08000512   Section        0  indicate_semi.o(.text)
    [Anonymous Symbol]                       0x08000514   Section        0  stm32f1xx_it.o(.text.BusFault_Handler)
    [Anonymous Symbol]                       0x08000518   Section        0  stm32f1xx_it.o(.text.DebugMon_Handler)
    [Anonymous Symbol]                       0x0800051c   Section        0  eos.o(.text.EOS_init)
    [Anonymous Symbol]                       0x0800053c   Section        0  main.o(.text.Error_Handler)
    [Anonymous Symbol]                       0x08000548   Section        0  stm32f1xx_hal_gpio.o(.text.HAL_GPIO_Init)
    [Anonymous Symbol]                       0x0800075c   Section        0  stm32f1xx_hal_gpio.o(.text.HAL_GPIO_TogglePin)
    [Anonymous Symbol]                       0x0800076c   Section        0  stm32f1xx_hal_gpio.o(.text.HAL_GPIO_WritePin)
    [Anonymous Symbol]                       0x08000778   Section        0  stm32f1xx_hal.o(.text.HAL_GetTick)
    [Anonymous Symbol]                       0x08000784   Section        0  stm32f1xx_hal_i2c.o(.text.HAL_I2C_Init)
    [Anonymous Symbol]                       0x080008e8   Section        0  stm32f1xx_hal_i2c.o(.text.HAL_I2C_Master_Transmit)
    [Anonymous Symbol]                       0x08000d1c   Section        0  i2c.o(.text.HAL_I2C_MspInit)
    [Anonymous Symbol]                       0x08000d98   Section        0  stm32f1xx_hal.o(.text.HAL_Init)
    [Anonymous Symbol]                       0x08000dc0   Section        0  stm32f1xx_hal.o(.text.HAL_InitTick)
    [Anonymous Symbol]                       0x08000e08   Section        0  stm32f1xx_hal_msp.o(.text.HAL_MspInit)
    [Anonymous Symbol]                       0x08000e4c   Section        0  stm32f1xx_hal_cortex.o(.text.HAL_NVIC_SetPriority)
    [Anonymous Symbol]                       0x08000ea4   Section        0  stm32f1xx_hal_cortex.o(.text.HAL_NVIC_SetPriorityGrouping)
    [Anonymous Symbol]                       0x08000ec4   Section        0  stm32f1xx_hal_rcc.o(.text.HAL_RCC_ClockConfig)
    [Anonymous Symbol]                       0x08001088   Section        0  stm32f1xx_hal_rcc.o(.text.HAL_RCC_GetPCLK1Freq)
    [Anonymous Symbol]                       0x080010b0   Section        0  stm32f1xx_hal_rcc.o(.text.HAL_RCC_GetPCLK2Freq)
    [Anonymous Symbol]                       0x080010d8   Section        0  stm32f1xx_hal_rcc.o(.text.HAL_RCC_OscConfig)
    [Anonymous Symbol]                       0x080014d8   Section        0  stm32f1xx_hal_cortex.o(.text.HAL_SYSTICK_Config)
    [Anonymous Symbol]                       0x08001504   Section        0  stm32f1xx_hal_tim_ex.o(.text.HAL_TIMEx_MasterConfigSynchronization)
    [Anonymous Symbol]                       0x08001584   Section        0  stm32f1xx_hal_tim.o(.text.HAL_TIM_Base_Init)
    [Anonymous Symbol]                       0x08001670   Section        0  tim.o(.text.HAL_TIM_Base_MspInit)
    [Anonymous Symbol]                       0x080016cc   Section        0  stm32f1xx_hal_tim.o(.text.HAL_TIM_Base_Start)
    [Anonymous Symbol]                       0x08001734   Section        0  stm32f1xx_hal_tim.o(.text.HAL_TIM_ConfigClockSource)
    [Anonymous Symbol]                       0x080018cc   Section        0  stm32f1xx_hal_tim.o(.text.HAL_TIM_Encoder_Init)
    [Anonymous Symbol]                       0x08001a18   Section        0  tim.o(.text.HAL_TIM_Encoder_MspInit)
    [Anonymous Symbol]                       0x08001ac4   Section        0  stm32f1xx_hal_tim.o(.text.HAL_TIM_Encoder_Start)
    [Anonymous Symbol]                       0x08001b80   Section        0  stm32f1xx_hal_tim.o(.text.HAL_TIM_PWM_ConfigChannel)
    [Anonymous Symbol]                       0x08001d74   Section        0  stm32f1xx_hal_tim.o(.text.HAL_TIM_PWM_Init)
    [Anonymous Symbol]                       0x08001e60   Section        0  stm32f1xx_hal_tim.o(.text.HAL_TIM_PWM_MspInit)
    [Anonymous Symbol]                       0x08001e64   Section        0  stm32f1xx_hal_tim.o(.text.HAL_TIM_PWM_Start)
    [Anonymous Symbol]                       0x08001f40   Section        0  stm32f1xx_hal_tim.o(.text.HAL_TIM_PWM_Stop)
    [Anonymous Symbol]                       0x08001ff4   Section        0  stm32f1xx_hal_uart.o(.text.HAL_UART_Init)
    [Anonymous Symbol]                       0x080020d4   Section        0  usart.o(.text.HAL_UART_MspInit)
    [Anonymous Symbol]                       0x08002150   Section        0  stm32f1xx_it.o(.text.HardFault_Handler)
    [Anonymous Symbol]                       0x08002154   Section        0  gpio.o(.text.MX_GPIO_Init)
    [Anonymous Symbol]                       0x08002260   Section        0  i2c.o(.text.MX_I2C1_Init)
    [Anonymous Symbol]                       0x080022a4   Section        0  tim.o(.text.MX_TIM1_Init)
    [Anonymous Symbol]                       0x0800231c   Section        0  tim.o(.text.MX_TIM2_Init)
    [Anonymous Symbol]                       0x08002380   Section        0  tim.o(.text.MX_TIM3_Init)
    [Anonymous Symbol]                       0x080024bc   Section        0  tim.o(.text.MX_TIM4_Init)
    [Anonymous Symbol]                       0x08002524   Section        0  usart.o(.text.MX_USART1_UART_Init)
    [Anonymous Symbol]                       0x08002560   Section        0  stm32f1xx_it.o(.text.MemManage_Handler)
    [Anonymous Symbol]                       0x08002564   Section        0  stm32f1xx_it.o(.text.NMI_Handler)
    [Anonymous Symbol]                       0x08002568   Section        0  stm32f1xx_it.o(.text.PendSV_Handler)
    [Anonymous Symbol]                       0x0800256c   Section        0  stm32f1xx_it.o(.text.SVC_Handler)
    [Anonymous Symbol]                       0x08002570   Section        0  main.o(.text.SysTick_Handler)
    [Anonymous Symbol]                       0x08002598   Section        0  system_stm32f1xx.o(.text.SystemInit)
    [Anonymous Symbol]                       0x0800259c   Section        0  stm32f1xx_it.o(.text.UsageFault_Handler)
    [Anonymous Symbol]                       0x080025a0   Section        0  main.o(.text.back_button)
    [Anonymous Symbol]                       0x080026e4   Section        0  dongco.o(.text.catDay)
    [Anonymous Symbol]                       0x08002740   Section        0  main.o(.text.change_ThongSo)
    [Anonymous Symbol]                       0x080029d8   Section        0  delay.o(.text.delay_ms)
    [Anonymous Symbol]                       0x08002b20   Section        0  delay.o(.text.delay_us)
    [Anonymous Symbol]                       0x08002b4c   Section        0  main.o(.text.home_screen)
    [Anonymous Symbol]                       0x08002c20   Section        0  i2c-lcd.o(.text.lcd_clear)
    [Anonymous Symbol]                       0x08002c74   Section        0  i2c-lcd.o(.text.lcd_init)
    [Anonymous Symbol]                       0x08002d8c   Section        0  i2c-lcd.o(.text.lcd_put_cur)
    [Anonymous Symbol]                       0x08002dfc   Section        0  i2c-lcd.o(.text.lcd_send_cmd)
    [Anonymous Symbol]                       0x08002e40   Section        0  i2c-lcd.o(.text.lcd_send_string)
    [Anonymous Symbol]                       0x08002ea0   Section        0  main.o(.text.main)
    [Anonymous Symbol]                       0x08003618   Section        0  main.o(.text.main_menu)
    [Anonymous Symbol]                       0x0800375c   Section        0  main.o(.text.menuBatTat)
    [Anonymous Symbol]                       0x08003830   Section        0  main.o(.text.menuXacNhan)
    [Anonymous Symbol]                       0x08003934   Section        0  main.o(.text.select_button)
    [Anonymous Symbol]                       0x08003a90   Section        0  main.o(.text.select_menuBatTat)
    [Anonymous Symbol]                       0x08003b8c   Section        0  main.o(.text.select_menuThongSo)
    [Anonymous Symbol]                       0x08003ec8   Section        0  dongco.o(.text.setDao)
    [Anonymous Symbol]                       0x08003f14   Section        0  encoder.o(.text.setValueEnc1)
    [Anonymous Symbol]                       0x08003f24   Section        0  encoder.o(.text.setValueEnc2)
    [Anonymous Symbol]                       0x08003f34   Section        0  main.o(.text.thongSo)
    [Anonymous Symbol]                       0x08004030   Section        0  dongco.o(.text.tuotday_len)
    [Anonymous Symbol]                       0x08004064   Section        0  dongco.o(.text.tuotday_xuong)
    i._is_digit                              0x08004098   Section        0  __printf_wp.o(i._is_digit)
    i.roundf                                 0x080040a6   Section        0  roundf.o(i.roundf)
    x$fpl$fadd                               0x08004118   Section      196  faddsub_clz.o(x$fpl$fadd)
    _fadd1                                   0x08004127   Thumb Code     0  faddsub_clz.o(x$fpl$fadd)
    x$fpl$ffix                               0x080041dc   Section       54  ffix.o(x$fpl$ffix)
    x$fpl$fflt                               0x08004214   Section       48  fflt_clz.o(x$fpl$fflt)
    x$fpl$fmul                               0x08004244   Section      258  fmul.o(x$fpl$fmul)
    x$fpl$fnaninf                            0x08004346   Section      140  fnaninf.o(x$fpl$fnaninf)
    x$fpl$fretinf                            0x080043d2   Section       10  fretinf.o(x$fpl$fretinf)
    x$fpl$frnd                               0x080043dc   Section       96  frnd.o(x$fpl$frnd)
    x$fpl$fsub                               0x0800443c   Section      234  faddsub_clz.o(x$fpl$fsub)
    _fsub1                                   0x0800444b   Thumb Code     0  faddsub_clz.o(x$fpl$fsub)
    .L__const.HAL_RCC_GetSysClockFreq.aPredivFactorTable 0x08004526   Data           2  stm32f1xx_hal_rcc.o(.rodata..L__const.HAL_RCC_GetSysClockFreq.aPredivFactorTable)
    x$fpl$usenofp                            0x08004526   Section        0  usenofp.o(x$fpl$usenofp)
    .L__const.HAL_RCC_GetSysClockFreq.aPLLMULFactorTable 0x08004540   Data          16  stm32f1xx_hal_rcc.o(.rodata.cst16)
    .L.str.40                                0x08004550   Data          18  main.o(.rodata.str1.1)
    [Anonymous Symbol]                       0x08004550   Section        0  main.o(.rodata.str1.1)
    .L.str.38                                0x08004562   Data          18  main.o(.rodata.str1.1)
    .L.str.2                                 0x08004574   Data          20  main.o(.rodata.str1.1)
    .L.str.41                                0x08004588   Data          18  main.o(.rodata.str1.1)
    .L.str.39                                0x0800459a   Data          18  main.o(.rodata.str1.1)
    .L.str.19                                0x080045ac   Data          21  main.o(.rodata.str1.1)
    .L.str.32                                0x080045c1   Data          21  main.o(.rodata.str1.1)
    .L.str.18                                0x080045d6   Data          18  main.o(.rodata.str1.1)
    .L.str.16                                0x080045e8   Data          21  main.o(.rodata.str1.1)
    .L.str.5                                 0x080045e9   Data          20  main.o(.rodata.str1.1)
    .L.str.23                                0x080045fd   Data          11  main.o(.rodata.str1.1)
    .L.str.24                                0x08004608   Data          11  main.o(.rodata.str1.1)
    .L.str.31                                0x08004613   Data          20  main.o(.rodata.str1.1)
    .L.str.20                                0x08004627   Data          13  main.o(.rodata.str1.1)
    .L.str.9                                 0x08004634   Data           5  main.o(.rodata.str1.1)
    .L_MergedGlobals                         0x20000000   Data          28  main.o(.data..L_MergedGlobals)
    [Anonymous Symbol]                       0x20000000   Section        0  main.o(.data..L_MergedGlobals)
    .L_MergedGlobals                         0x2000001c   Data           8  stm32f1xx_hal.o(.data..L_MergedGlobals)
    [Anonymous Symbol]                       0x2000001c   Section        0  stm32f1xx_hal.o(.data..L_MergedGlobals)
    .bss                                     0x20000030   Section       96  libspace.o(.bss)
    .L_MergedGlobals.45                      0x20000090   Data          65  main.o(.bss..L_MergedGlobals.45)
    [Anonymous Symbol]                       0x20000090   Section        0  main.o(.bss..L_MergedGlobals.45)
    Heap_Mem                                 0x20000290   Data         512  startup_stm32f103xb.o(HEAP)
    HEAP                                     0x20000290   Section      512  startup_stm32f103xb.o(HEAP)
    Stack_Mem                                0x20000490   Data        1024  startup_stm32f103xb.o(STACK)
    STACK                                    0x20000490   Section     1024  startup_stm32f103xb.o(STACK)
    __initial_sp                             0x20000890   Data           0  startup_stm32f103xb.o(STACK)

    Global Symbols

    Symbol Name                              Value     Ov Type        Size  Object(Section)

    BuildAttributes$$THM_ISAv4$P$D$K$B$S$PE$A:L22UL41UL21$X:L11$S22US41US21$IEEE1$IW$~IW$USESV6$~STKCKD$USESV7$~SHL$OTIME$ROPI$IEEEJ$EBA8$UX$STANDARDLIB$REQ8$PRES8$EABIv2 0x00000000   Number         0  anon$$obj.o ABSOLUTE
    __fp_init_empty                          0x00000000   Number         0  fpinit_empty.o ABSOLUTE
    _printf_flags                            0x00000000   Number         0  printf_stubs.o ABSOLUTE
    _printf_return_value                     0x00000000   Number         0  printf_stubs.o ABSOLUTE
    _printf_sizespec                         0x00000000   Number         0  printf_stubs.o ABSOLUTE
    _printf_widthprec                        0x00000000   Number         0  printf_stubs.o ABSOLUTE
    __ARM_exceptions_init                     - Undefined Weak Reference
    __alloca_initialize                       - Undefined Weak Reference
    __arm_preinit_                            - Undefined Weak Reference
    __arm_relocate_pie_                       - Undefined Weak Reference
    __cpp_initialize__aeabi_                  - Undefined Weak Reference
    __cxa_finalize                            - Undefined Weak Reference
    __rt_locale                               - Undefined Weak Reference
    __sigvec_lookup                           - Undefined Weak Reference
    _atexit_init                              - Undefined Weak Reference
    _call_atexit_fns                          - Undefined Weak Reference
    _clock_init                               - Undefined Weak Reference
    _fp_trap_init                             - Undefined Weak Reference
    _fp_trap_shutdown                         - Undefined Weak Reference
    _get_lc_collate                           - Undefined Weak Reference
    _get_lc_ctype                             - Undefined Weak Reference
    _get_lc_monetary                          - Undefined Weak Reference
    _get_lc_numeric                           - Undefined Weak Reference
    _get_lc_time                              - Undefined Weak Reference
    _getenv_init                              - Undefined Weak Reference
    _handle_redirection                       - Undefined Weak Reference
    _init_alloc                               - Undefined Weak Reference
    _init_user_alloc                          - Undefined Weak Reference
    _initio                                   - Undefined Weak Reference
    _printf_post_padding                      - Undefined Weak Reference
    _printf_pre_padding                       - Undefined Weak Reference
    _printf_truncate_signed                   - Undefined Weak Reference
    _printf_truncate_unsigned                 - Undefined Weak Reference
    _rand_init                                - Undefined Weak Reference
    _signal_finish                            - Undefined Weak Reference
    _signal_init                              - Undefined Weak Reference
    _terminate_alloc                          - Undefined Weak Reference
    _terminate_user_alloc                     - Undefined Weak Reference
    _terminateio                              - Undefined Weak Reference
    __Vectors_Size                           0x000000ec   Number         0  startup_stm32f103xb.o ABSOLUTE
    __Vectors                                0x08000000   Data           4  startup_stm32f103xb.o(RESET)
    __Vectors_End                            0x080000ec   Data           0  startup_stm32f103xb.o(RESET)
    __main                                   0x080000ed   Thumb Code     8  __main.o(!!!main)
    __scatterload                            0x080000f5   Thumb Code     0  __scatter.o(!!!scatter)
    __scatterload_rt2                        0x080000f5   Thumb Code    84  __scatter.o(!!!scatter)
    __scatterload_rt2_thumb_only             0x080000f5   Thumb Code     0  __scatter.o(!!!scatter)
    __scatterload_loop                       0x080000ff   Thumb Code     0  __scatter.o(!!!scatter)
    __scatterload_copy                       0x08000151   Thumb Code    26  __scatter_copy.o(!!handler_copy)
    __scatterload_null                       0x0800016d   Thumb Code     2  __scatter.o(!!handler_null)
    __scatterload_zeroinit                   0x08000171   Thumb Code    28  __scatter_zi.o(!!handler_zi)
    _printf_d                                0x0800018d   Thumb Code     0  _printf_d.o(.ARM.Collect$$_printf_percent$$00000009)
    _printf_percent                          0x0800018d   Thumb Code     0  _printf_percent.o(.ARM.Collect$$_printf_percent$$00000000)
    _printf_percent_end                      0x08000193   Thumb Code     0  _printf_percent_end.o(.ARM.Collect$$_printf_percent$$00000017)
    __rt_lib_init                            0x08000197   Thumb Code     0  libinit.o(.ARM.Collect$$libinit$$00000000)
    __rt_lib_init_alloca_1                   0x08000199   Thumb Code     0  libinit2.o(.ARM.Collect$$libinit$$00000030)
    __rt_lib_init_argv_1                     0x08000199   Thumb Code     0  libinit2.o(.ARM.Collect$$libinit$$0000002E)
    __rt_lib_init_atexit_1                   0x08000199   Thumb Code     0  libinit2.o(.ARM.Collect$$libinit$$0000001D)
    __rt_lib_init_clock_1                    0x08000199   Thumb Code     0  libinit2.o(.ARM.Collect$$libinit$$00000023)
    __rt_lib_init_cpp_1                      0x08000199   Thumb Code     0  libinit2.o(.ARM.Collect$$libinit$$00000034)
    __rt_lib_init_exceptions_1               0x08000199   Thumb Code     0  libinit2.o(.ARM.Collect$$libinit$$00000032)
    __rt_lib_init_fp_1                       0x08000199   Thumb Code     0  libinit2.o(.ARM.Collect$$libinit$$00000002)
    __rt_lib_init_fp_trap_1                  0x08000199   Thumb Code     0  libinit2.o(.ARM.Collect$$libinit$$00000021)
    __rt_lib_init_getenv_1                   0x08000199   Thumb Code     0  libinit2.o(.ARM.Collect$$libinit$$00000025)
    __rt_lib_init_heap_1                     0x08000199   Thumb Code     0  libinit2.o(.ARM.Collect$$libinit$$0000000C)
    __rt_lib_init_lc_collate_1               0x08000199   Thumb Code     0  libinit2.o(.ARM.Collect$$libinit$$00000013)
    __rt_lib_init_lc_ctype_1                 0x08000199   Thumb Code     0  libinit2.o(.ARM.Collect$$libinit$$00000015)
    __rt_lib_init_lc_monetary_1              0x08000199   Thumb Code     0  libinit2.o(.ARM.Collect$$libinit$$00000017)
    __rt_lib_init_lc_numeric_1               0x08000199   Thumb Code     0  libinit2.o(.ARM.Collect$$libinit$$00000019)
    __rt_lib_init_lc_time_1                  0x08000199   Thumb Code     0  libinit2.o(.ARM.Collect$$libinit$$0000001B)
    __rt_lib_init_preinit_1                  0x08000199   Thumb Code     0  libinit2.o(.ARM.Collect$$libinit$$00000006)
    __rt_lib_init_rand_1                     0x08000199   Thumb Code     0  libinit2.o(.ARM.Collect$$libinit$$00000010)
    __rt_lib_init_relocate_pie_1             0x08000199   Thumb Code     0  libinit2.o(.ARM.Collect$$libinit$$00000004)
    __rt_lib_init_return                     0x08000199   Thumb Code     0  libinit2.o(.ARM.Collect$$libinit$$00000035)
    __rt_lib_init_signal_1                   0x08000199   Thumb Code     0  libinit2.o(.ARM.Collect$$libinit$$0000001F)
    __rt_lib_init_stdio_1                    0x08000199   Thumb Code     0  libinit2.o(.ARM.Collect$$libinit$$00000027)
    __rt_lib_init_user_alloc_1               0x08000199   Thumb Code     0  libinit2.o(.ARM.Collect$$libinit$$0000000E)
    __rt_lib_shutdown                        0x0800019b   Thumb Code     0  libshutdown.o(.ARM.Collect$$libshutdown$$00000000)
    __rt_lib_shutdown_cpp_1                  0x0800019d   Thumb Code     0  libshutdown2.o(.ARM.Collect$$libshutdown$$00000002)
    __rt_lib_shutdown_fp_trap_1              0x0800019d   Thumb Code     0  libshutdown2.o(.ARM.Collect$$libshutdown$$00000007)
    __rt_lib_shutdown_heap_1                 0x0800019d   Thumb Code     0  libshutdown2.o(.ARM.Collect$$libshutdown$$0000000F)
    __rt_lib_shutdown_return                 0x0800019d   Thumb Code     0  libshutdown2.o(.ARM.Collect$$libshutdown$$00000010)
    __rt_lib_shutdown_signal_1               0x0800019d   Thumb Code     0  libshutdown2.o(.ARM.Collect$$libshutdown$$0000000A)
    __rt_lib_shutdown_stdio_1                0x0800019d   Thumb Code     0  libshutdown2.o(.ARM.Collect$$libshutdown$$00000004)
    __rt_lib_shutdown_user_alloc_1           0x0800019d   Thumb Code     0  libshutdown2.o(.ARM.Collect$$libshutdown$$0000000C)
    __rt_entry                               0x0800019f   Thumb Code     0  __rtentry.o(.ARM.Collect$$rtentry$$00000000)
    __rt_entry_presh_1                       0x0800019f   Thumb Code     0  __rtentry2.o(.ARM.Collect$$rtentry$$00000002)
    __rt_entry_sh                            0x0800019f   Thumb Code     0  __rtentry4.o(.ARM.Collect$$rtentry$$00000004)
    __rt_entry_li                            0x080001a5   Thumb Code     0  __rtentry2.o(.ARM.Collect$$rtentry$$0000000A)
    __rt_entry_postsh_1                      0x080001a5   Thumb Code     0  __rtentry2.o(.ARM.Collect$$rtentry$$00000009)
    __rt_entry_main                          0x080001a9   Thumb Code     0  __rtentry2.o(.ARM.Collect$$rtentry$$0000000D)
    __rt_entry_postli_1                      0x080001a9   Thumb Code     0  __rtentry2.o(.ARM.Collect$$rtentry$$0000000C)
    __rt_exit                                0x080001b1   Thumb Code     0  rtexit.o(.ARM.Collect$$rtexit$$00000000)
    __rt_exit_ls                             0x080001b3   Thumb Code     0  rtexit2.o(.ARM.Collect$$rtexit$$00000003)
    __rt_exit_prels_1                        0x080001b3   Thumb Code     0  rtexit2.o(.ARM.Collect$$rtexit$$00000002)
    __rt_exit_exit                           0x080001b7   Thumb Code     0  rtexit2.o(.ARM.Collect$$rtexit$$00000004)
    Reset_Handler                            0x080001bd   Thumb Code     8  startup_stm32f103xb.o(.text)
    ADC1_2_IRQHandler                        0x080001d7   Thumb Code     0  startup_stm32f103xb.o(.text)
    CAN1_RX1_IRQHandler                      0x080001d7   Thumb Code     0  startup_stm32f103xb.o(.text)
    CAN1_SCE_IRQHandler                      0x080001d7   Thumb Code     0  startup_stm32f103xb.o(.text)
    DMA1_Channel1_IRQHandler                 0x080001d7   Thumb Code     0  startup_stm32f103xb.o(.text)
    DMA1_Channel2_IRQHandler                 0x080001d7   Thumb Code     0  startup_stm32f103xb.o(.text)
    DMA1_Channel3_IRQHandler                 0x080001d7   Thumb Code     0  startup_stm32f103xb.o(.text)
    DMA1_Channel4_IRQHandler                 0x080001d7   Thumb Code     0  startup_stm32f103xb.o(.text)
    DMA1_Channel5_IRQHandler                 0x080001d7   Thumb Code     0  startup_stm32f103xb.o(.text)
    DMA1_Channel6_IRQHandler                 0x080001d7   Thumb Code     0  startup_stm32f103xb.o(.text)
    DMA1_Channel7_IRQHandler                 0x080001d7   Thumb Code     0  startup_stm32f103xb.o(.text)
    EXTI0_IRQHandler                         0x080001d7   Thumb Code     0  startup_stm32f103xb.o(.text)
    EXTI15_10_IRQHandler                     0x080001d7   Thumb Code     0  startup_stm32f103xb.o(.text)
    EXTI1_IRQHandler                         0x080001d7   Thumb Code     0  startup_stm32f103xb.o(.text)
    EXTI2_IRQHandler                         0x080001d7   Thumb Code     0  startup_stm32f103xb.o(.text)
    EXTI3_IRQHandler                         0x080001d7   Thumb Code     0  startup_stm32f103xb.o(.text)
    EXTI4_IRQHandler                         0x080001d7   Thumb Code     0  startup_stm32f103xb.o(.text)
    EXTI9_5_IRQHandler                       0x080001d7   Thumb Code     0  startup_stm32f103xb.o(.text)
    FLASH_IRQHandler                         0x080001d7   Thumb Code     0  startup_stm32f103xb.o(.text)
    I2C1_ER_IRQHandler                       0x080001d7   Thumb Code     0  startup_stm32f103xb.o(.text)
    I2C1_EV_IRQHandler                       0x080001d7   Thumb Code     0  startup_stm32f103xb.o(.text)
    I2C2_ER_IRQHandler                       0x080001d7   Thumb Code     0  startup_stm32f103xb.o(.text)
    I2C2_EV_IRQHandler                       0x080001d7   Thumb Code     0  startup_stm32f103xb.o(.text)
    PVD_IRQHandler                           0x080001d7   Thumb Code     0  startup_stm32f103xb.o(.text)
    RCC_IRQHandler                           0x080001d7   Thumb Code     0  startup_stm32f103xb.o(.text)
    RTC_Alarm_IRQHandler                     0x080001d7   Thumb Code     0  startup_stm32f103xb.o(.text)
    RTC_IRQHandler                           0x080001d7   Thumb Code     0  startup_stm32f103xb.o(.text)
    SPI1_IRQHandler                          0x080001d7   Thumb Code     0  startup_stm32f103xb.o(.text)
    SPI2_IRQHandler                          0x080001d7   Thumb Code     0  startup_stm32f103xb.o(.text)
    TAMPER_IRQHandler                        0x080001d7   Thumb Code     0  startup_stm32f103xb.o(.text)
    TIM1_BRK_IRQHandler                      0x080001d7   Thumb Code     0  startup_stm32f103xb.o(.text)
    TIM1_CC_IRQHandler                       0x080001d7   Thumb Code     0  startup_stm32f103xb.o(.text)
    TIM1_TRG_COM_IRQHandler                  0x080001d7   Thumb Code     0  startup_stm32f103xb.o(.text)
    TIM1_UP_IRQHandler                       0x080001d7   Thumb Code     0  startup_stm32f103xb.o(.text)
    TIM2_IRQHandler                          0x080001d7   Thumb Code     0  startup_stm32f103xb.o(.text)
    TIM3_IRQHandler                          0x080001d7   Thumb Code     0  startup_stm32f103xb.o(.text)
    TIM4_IRQHandler                          0x080001d7   Thumb Code     0  startup_stm32f103xb.o(.text)
    USART1_IRQHandler                        0x080001d7   Thumb Code     0  startup_stm32f103xb.o(.text)
    USART2_IRQHandler                        0x080001d7   Thumb Code     0  startup_stm32f103xb.o(.text)
    USART3_IRQHandler                        0x080001d7   Thumb Code     0  startup_stm32f103xb.o(.text)
    USBWakeUp_IRQHandler                     0x080001d7   Thumb Code     0  startup_stm32f103xb.o(.text)
    USB_HP_CAN1_TX_IRQHandler                0x080001d7   Thumb Code     0  startup_stm32f103xb.o(.text)
    USB_LP_CAN1_RX0_IRQHandler               0x080001d7   Thumb Code     0  startup_stm32f103xb.o(.text)
    WWDG_IRQHandler                          0x080001d7   Thumb Code     0  startup_stm32f103xb.o(.text)
    __user_initial_stackheap                 0x080001d9   Thumb Code     0  startup_stm32f103xb.o(.text)
    __2sprintf                               0x080001fd   Thumb Code    34  noretval__2sprintf.o(.text)
    _printf_int_dec                          0x08000225   Thumb Code   104  _printf_dec.o(.text)
    __printf                                 0x0800029d   Thumb Code   270  __printf_wp.o(.text)
    __use_two_region_memory                  0x080003ab   Thumb Code     2  heapauxi.o(.text)
    __rt_heap_escrow$2region                 0x080003ad   Thumb Code     2  heapauxi.o(.text)
    __rt_heap_expand$2region                 0x080003af   Thumb Code     2  heapauxi.o(.text)
    _printf_int_common                       0x080003b1   Thumb Code   178  _printf_intcommon.o(.text)
    _printf_char_common                      0x0800046f   Thumb Code    32  _printf_char_common.o(.text)
    _sputc                                   0x08000495   Thumb Code    10  _sputc.o(.text)
    __user_setup_stackheap                   0x0800049f   Thumb Code    74  sys_stackheap_outer.o(.text)
    exit                                     0x080004e9   Thumb Code    18  exit.o(.text)
    __user_libspace                          0x080004fd   Thumb Code     8  libspace.o(.text)
    __user_perproc_libspace                  0x080004fd   Thumb Code     0  libspace.o(.text)
    __user_perthread_libspace                0x080004fd   Thumb Code     0  libspace.o(.text)
    _sys_exit                                0x08000505   Thumb Code     8  sys_exit.o(.text)
    __I$use$semihosting                      0x08000511   Thumb Code     0  use_no_semi.o(.text)
    __use_no_semihosting_swi                 0x08000511   Thumb Code     2  use_no_semi.o(.text)
    __semihosting_library_function           0x08000513   Thumb Code     0  indicate_semi.o(.text)
    BusFault_Handler                         0x08000515   Thumb Code     2  stm32f1xx_it.o(.text.BusFault_Handler)
    DebugMon_Handler                         0x08000519   Thumb Code     2  stm32f1xx_it.o(.text.DebugMon_Handler)
    EOS_init                                 0x0800051d   Thumb Code    30  eos.o(.text.EOS_init)
    Error_Handler                            0x0800053d   Thumb Code    10  main.o(.text.Error_Handler)
    HAL_GPIO_Init                            0x08000549   Thumb Code   530  stm32f1xx_hal_gpio.o(.text.HAL_GPIO_Init)
    HAL_GPIO_TogglePin                       0x0800075d   Thumb Code    16  stm32f1xx_hal_gpio.o(.text.HAL_GPIO_TogglePin)
    HAL_GPIO_WritePin                        0x0800076d   Thumb Code    10  stm32f1xx_hal_gpio.o(.text.HAL_GPIO_WritePin)
    HAL_GetTick                              0x08000779   Thumb Code    12  stm32f1xx_hal.o(.text.HAL_GetTick)
    HAL_I2C_Init                             0x08000785   Thumb Code   356  stm32f1xx_hal_i2c.o(.text.HAL_I2C_Init)
    HAL_I2C_Master_Transmit                  0x080008e9   Thumb Code  1074  stm32f1xx_hal_i2c.o(.text.HAL_I2C_Master_Transmit)
    HAL_I2C_MspInit                          0x08000d1d   Thumb Code   122  i2c.o(.text.HAL_I2C_MspInit)
    HAL_Init                                 0x08000d99   Thumb Code    38  stm32f1xx_hal.o(.text.HAL_Init)
    HAL_InitTick                             0x08000dc1   Thumb Code    72  stm32f1xx_hal.o(.text.HAL_InitTick)
    HAL_MspInit                              0x08000e09   Thumb Code    66  stm32f1xx_hal_msp.o(.text.HAL_MspInit)
    HAL_NVIC_SetPriority                     0x08000e4d   Thumb Code    86  stm32f1xx_hal_cortex.o(.text.HAL_NVIC_SetPriority)
    HAL_NVIC_SetPriorityGrouping             0x08000ea5   Thumb Code    32  stm32f1xx_hal_cortex.o(.text.HAL_NVIC_SetPriorityGrouping)
    HAL_RCC_ClockConfig                      0x08000ec5   Thumb Code   450  stm32f1xx_hal_rcc.o(.text.HAL_RCC_ClockConfig)
    HAL_RCC_GetPCLK1Freq                     0x08001089   Thumb Code    38  stm32f1xx_hal_rcc.o(.text.HAL_RCC_GetPCLK1Freq)
    HAL_RCC_GetPCLK2Freq                     0x080010b1   Thumb Code    38  stm32f1xx_hal_rcc.o(.text.HAL_RCC_GetPCLK2Freq)
    HAL_RCC_OscConfig                        0x080010d9   Thumb Code  1024  stm32f1xx_hal_rcc.o(.text.HAL_RCC_OscConfig)
    HAL_SYSTICK_Config                       0x080014d9   Thumb Code    44  stm32f1xx_hal_cortex.o(.text.HAL_SYSTICK_Config)
    HAL_TIMEx_MasterConfigSynchronization    0x08001505   Thumb Code   126  stm32f1xx_hal_tim_ex.o(.text.HAL_TIMEx_MasterConfigSynchronization)
    HAL_TIM_Base_Init                        0x08001585   Thumb Code   236  stm32f1xx_hal_tim.o(.text.HAL_TIM_Base_Init)
    HAL_TIM_Base_MspInit                     0x08001671   Thumb Code    90  tim.o(.text.HAL_TIM_Base_MspInit)
    HAL_TIM_Base_Start                       0x080016cd   Thumb Code   102  stm32f1xx_hal_tim.o(.text.HAL_TIM_Base_Start)
    HAL_TIM_ConfigClockSource                0x08001735   Thumb Code   406  stm32f1xx_hal_tim.o(.text.HAL_TIM_ConfigClockSource)
    HAL_TIM_Encoder_Init                     0x080018cd   Thumb Code   332  stm32f1xx_hal_tim.o(.text.HAL_TIM_Encoder_Init)
    HAL_TIM_Encoder_MspInit                  0x08001a19   Thumb Code   170  tim.o(.text.HAL_TIM_Encoder_MspInit)
    HAL_TIM_Encoder_Start                    0x08001ac5   Thumb Code   188  stm32f1xx_hal_tim.o(.text.HAL_TIM_Encoder_Start)
    HAL_TIM_PWM_ConfigChannel                0x08001b81   Thumb Code   500  stm32f1xx_hal_tim.o(.text.HAL_TIM_PWM_ConfigChannel)
    HAL_TIM_PWM_Init                         0x08001d75   Thumb Code   236  stm32f1xx_hal_tim.o(.text.HAL_TIM_PWM_Init)
    HAL_TIM_PWM_MspInit                      0x08001e61   Thumb Code     2  stm32f1xx_hal_tim.o(.text.HAL_TIM_PWM_MspInit)
    HAL_TIM_PWM_Start                        0x08001e65   Thumb Code   218  stm32f1xx_hal_tim.o(.text.HAL_TIM_PWM_Start)
    HAL_TIM_PWM_Stop                         0x08001f41   Thumb Code   178  stm32f1xx_hal_tim.o(.text.HAL_TIM_PWM_Stop)
    HAL_UART_Init                            0x08001ff5   Thumb Code   224  stm32f1xx_hal_uart.o(.text.HAL_UART_Init)
    HAL_UART_MspInit                         0x080020d5   Thumb Code   122  usart.o(.text.HAL_UART_MspInit)
    HardFault_Handler                        0x08002151   Thumb Code     2  stm32f1xx_it.o(.text.HardFault_Handler)
    MX_GPIO_Init                             0x08002155   Thumb Code   268  gpio.o(.text.MX_GPIO_Init)
    MX_I2C1_Init                             0x08002261   Thumb Code    66  i2c.o(.text.MX_I2C1_Init)
    MX_TIM1_Init                             0x080022a5   Thumb Code   118  tim.o(.text.MX_TIM1_Init)
    MX_TIM2_Init                             0x0800231d   Thumb Code    98  tim.o(.text.MX_TIM2_Init)
    MX_TIM3_Init                             0x08002381   Thumb Code   314  tim.o(.text.MX_TIM3_Init)
    MX_TIM4_Init                             0x080024bd   Thumb Code   102  tim.o(.text.MX_TIM4_Init)
    MX_USART1_UART_Init                      0x08002525   Thumb Code    60  usart.o(.text.MX_USART1_UART_Init)
    MemManage_Handler                        0x08002561   Thumb Code     2  stm32f1xx_it.o(.text.MemManage_Handler)
    NMI_Handler                              0x08002565   Thumb Code     2  stm32f1xx_it.o(.text.NMI_Handler)
    PendSV_Handler                           0x08002569   Thumb Code     2  stm32f1xx_it.o(.text.PendSV_Handler)
    SVC_Handler                              0x0800256d   Thumb Code     2  stm32f1xx_it.o(.text.SVC_Handler)
    SysTick_Handler                          0x08002571   Thumb Code    38  main.o(.text.SysTick_Handler)
    SystemInit                               0x08002599   Thumb Code     2  system_stm32f1xx.o(.text.SystemInit)
    UsageFault_Handler                       0x0800259d   Thumb Code     2  stm32f1xx_it.o(.text.UsageFault_Handler)
    back_button                              0x080025a1   Thumb Code   324  main.o(.text.back_button)
    catDay                                   0x080026e5   Thumb Code    92  dongco.o(.text.catDay)
    change_ThongSo                           0x08002741   Thumb Code   662  main.o(.text.change_ThongSo)
    delay_ms                                 0x080029d9   Thumb Code   326  delay.o(.text.delay_ms)
    delay_us                                 0x08002b21   Thumb Code    44  delay.o(.text.delay_us)
    home_screen                              0x08002b4d   Thumb Code   136  main.o(.text.home_screen)
    lcd_clear                                0x08002c21   Thumb Code    84  i2c-lcd.o(.text.lcd_clear)
    lcd_init                                 0x08002c75   Thumb Code   278  i2c-lcd.o(.text.lcd_init)
    lcd_put_cur                              0x08002d8d   Thumb Code   110  i2c-lcd.o(.text.lcd_put_cur)
    lcd_send_cmd                             0x08002dfd   Thumb Code    68  i2c-lcd.o(.text.lcd_send_cmd)
    lcd_send_string                          0x08002e41   Thumb Code    94  i2c-lcd.o(.text.lcd_send_string)
    main                                     0x08002ea1   Thumb Code  1856  main.o(.text.main)
    main_menu                                0x08003619   Thumb Code   264  main.o(.text.main_menu)
    menuBatTat                               0x0800375d   Thumb Code   164  main.o(.text.menuBatTat)
    menuXacNhan                              0x08003831   Thumb Code   164  main.o(.text.menuXacNhan)
    select_button                            0x08003935   Thumb Code   346  main.o(.text.select_button)
    select_menuBatTat                        0x08003a91   Thumb Code   212  main.o(.text.select_menuBatTat)
    select_menuThongSo                       0x08003b8d   Thumb Code   748  main.o(.text.select_menuThongSo)
    setDao                                   0x08003ec9   Thumb Code    74  dongco.o(.text.setDao)
    setValueEnc1                             0x08003f15   Thumb Code    14  encoder.o(.text.setValueEnc1)
    setValueEnc2                             0x08003f25   Thumb Code    14  encoder.o(.text.setValueEnc2)
    thongSo                                  0x08003f35   Thumb Code   172  main.o(.text.thongSo)
    tuotday_len                              0x08004031   Thumb Code    52  dongco.o(.text.tuotday_len)
    tuotday_xuong                            0x08004065   Thumb Code    52  dongco.o(.text.tuotday_xuong)
    _is_digit                                0x08004099   Thumb Code    14  __printf_wp.o(i._is_digit)
    roundf                                   0x080040a7   Thumb Code   114  roundf.o(i.roundf)
    __aeabi_fadd                             0x08004119   Thumb Code     0  faddsub_clz.o(x$fpl$fadd)
    _fadd                                    0x08004119   Thumb Code   196  faddsub_clz.o(x$fpl$fadd)
    __aeabi_f2iz                             0x080041dd   Thumb Code     0  ffix.o(x$fpl$ffix)
    _ffix                                    0x080041dd   Thumb Code    54  ffix.o(x$fpl$ffix)
    __aeabi_i2f                              0x08004215   Thumb Code     0  fflt_clz.o(x$fpl$fflt)
    _fflt                                    0x08004215   Thumb Code    48  fflt_clz.o(x$fpl$fflt)
    __aeabi_fmul                             0x08004245   Thumb Code     0  fmul.o(x$fpl$fmul)
    _fmul                                    0x08004245   Thumb Code   258  fmul.o(x$fpl$fmul)
    __fpl_fnaninf                            0x08004347   Thumb Code   140  fnaninf.o(x$fpl$fnaninf)
    __fpl_fretinf                            0x080043d3   Thumb Code    10  fretinf.o(x$fpl$fretinf)
    _frnd                                    0x080043dd   Thumb Code    96  frnd.o(x$fpl$frnd)
    __aeabi_fsub                             0x0800443d   Thumb Code     0  faddsub_clz.o(x$fpl$fsub)
    _fsub                                    0x0800443d   Thumb Code   234  faddsub_clz.o(x$fpl$fsub)
    __I$use$fp                               0x08004526   Number         0  usenofp.o(x$fpl$usenofp)
    AHBPrescTable                            0x08004528   Data          16  system_stm32f1xx.o(.rodata.AHBPrescTable)
    APBPrescTable                            0x08004538   Data           8  system_stm32f1xx.o(.rodata.APBPrescTable)
    Region$$Table$$Base                      0x0800463c   Number         0  anon$$obj.o(Region$$Table)
    Region$$Table$$Limit                     0x0800465c   Number         0  anon$$obj.o(Region$$Table)
    xungLoiday                               0x20000000   Data           2  main.o(.data..L_MergedGlobals)
    xungDodai                                0x20000002   Data           2  main.o(.data..L_MergedGlobals)
    xungDodaidautuot                         0x20000004   Data           2  main.o(.data..L_MergedGlobals)
    loiday                                   0x20000008   Data           4  main.o(.data..L_MergedGlobals)
    dodai                                    0x2000000c   Data           4  main.o(.data..L_MergedGlobals)
    dodaidautuot                             0x20000010   Data           4  main.o(.data..L_MergedGlobals)
    soluong                                  0x20000014   Data           4  main.o(.data..L_MergedGlobals)
    xungdonvi                                0x20000018   Data           4  main.o(.data..L_MergedGlobals)
    uwTickFreq                               0x2000001c   Data           1  stm32f1xx_hal.o(.data..L_MergedGlobals)
    uwTickPrio                               0x20000020   Data           4  stm32f1xx_hal.o(.data..L_MergedGlobals)
    SystemCoreClock                          0x20000024   Data           4  system_stm32f1xx.o(.data.SystemCoreClock)
    xungSetDao                               0x20000028   Data           2  dongco.o(.data.xungSetDao)
    __libspace_start                         0x20000030   Data          96  libspace.o(.bss)
    __temporary_stack_top$libspace           0x20000090   Data           0  libspace.o(.bss)
    process                                  0x20000090   Data           1  main.o(.bss..L_MergedGlobals.45)
    setdao                                   0x20000091   Data           1  main.o(.bss..L_MergedGlobals.45)
    sethienthisoluong                        0x20000092   Data           1  main.o(.bss..L_MergedGlobals.45)
    control                                  0x20000093   Data           1  main.o(.bss..L_MergedGlobals.45)
    select                                   0x20000094   Data           1  main.o(.bss..L_MergedGlobals.45)
    xung_dem1                                0x20000096   Data           2  main.o(.bss..L_MergedGlobals.45)
    xung_dem2                                0x20000098   Data           2  main.o(.bss..L_MergedGlobals.45)
    count_menu1                              0x2000009a   Data           2  main.o(.bss..L_MergedGlobals.45)
    count_menu2                              0x2000009c   Data           2  main.o(.bss..L_MergedGlobals.45)
    count_menu3                              0x2000009e   Data           2  main.o(.bss..L_MergedGlobals.45)
    trangthaimay                             0x200000a0   Data           4  main.o(.bss..L_MergedGlobals.45)
    soluonghientai                           0x200000a4   Data           4  main.o(.bss..L_MergedGlobals.45)
    up_down_main                             0x200000a8   Data           4  main.o(.bss..L_MergedGlobals.45)
    up_down_menuBatTat                       0x200000ac   Data           4  main.o(.bss..L_MergedGlobals.45)
    up_down_menuXacNhan                      0x200000b0   Data           4  main.o(.bss..L_MergedGlobals.45)
    up_down_menuThongSo                      0x200000b4   Data           4  main.o(.bss..L_MergedGlobals.45)
    buffer5                                  0x200000b8   Data           5  main.o(.bss..L_MergedGlobals.45)
    buffer1                                  0x200000bd   Data           5  main.o(.bss..L_MergedGlobals.45)
    buffer2                                  0x200000c2   Data           5  main.o(.bss..L_MergedGlobals.45)
    buffer3                                  0x200000c7   Data           5  main.o(.bss..L_MergedGlobals.45)
    buffer4                                  0x200000cc   Data           5  main.o(.bss..L_MergedGlobals.45)
    hi2c1                                    0x200000d4   Data          84  i2c.o(.bss.hi2c1)
    htim1                                    0x20000128   Data          72  tim.o(.bss.htim1)
    htim2                                    0x20000170   Data          72  tim.o(.bss.htim2)
    htim3                                    0x200001b8   Data          72  tim.o(.bss.htim3)
    htim4                                    0x20000200   Data          72  tim.o(.bss.htim4)
    huart1                                   0x20000248   Data          68  usart.o(.bss.huart1)
    uwTick                                   0x2000028c   Data           4  stm32f1xx_hal.o(.bss.uwTick)



==============================================================================

Memory Map of the image

  Image Entry point : 0x080000ed

  Load Region LR_IROM1 (Base: 0x08000000, Size: 0x00004690, Max: 0x00010000, ABSOLUTE)

    Execution Region ER_IROM1 (Exec base: 0x08000000, Load base: 0x08000000, Size: 0x0000465c, Max: 0x00010000, ABSOLUTE)

    Exec Addr    Load Addr    Size         Type   Attr      Idx    E Section Name        Object

    0x08000000   0x08000000   0x000000ec   Data   RO            3    RESET               startup_stm32f103xb.o
    0x080000ec   0x080000ec   0x00000008   Code   RO         1212  * !!!main             c_w.l(__main.o)
    0x080000f4   0x080000f4   0x0000005c   Code   RO         1413    !!!scatter          c_w.l(__scatter.o)
    0x08000150   0x08000150   0x0000001a   Code   RO         1417    !!handler_copy      c_w.l(__scatter_copy.o)
    0x0800016a   0x0800016a   0x00000002   PAD
    0x0800016c   0x0800016c   0x00000002   Code   RO         1414    !!handler_null      c_w.l(__scatter.o)
    0x0800016e   0x0800016e   0x00000002   PAD
    0x08000170   0x08000170   0x0000001c   Code   RO         1419    !!handler_zi        c_w.l(__scatter_zi.o)
    0x0800018c   0x0800018c   0x00000000   Code   RO         1209    .ARM.Collect$$_printf_percent$$00000000  c_w.l(_printf_percent.o)
    0x0800018c   0x0800018c   0x00000006   Code   RO         1208    .ARM.Collect$$_printf_percent$$00000009  c_w.l(_printf_d.o)
    0x08000192   0x08000192   0x00000004   Code   RO         1235    .ARM.Collect$$_printf_percent$$00000017  c_w.l(_printf_percent_end.o)
    0x08000196   0x08000196   0x00000002   Code   RO         1275    .ARM.Collect$$libinit$$00000000  c_w.l(libinit.o)
    0x08000198   0x08000198   0x00000000   Code   RO         1282    .ARM.Collect$$libinit$$00000002  c_w.l(libinit2.o)
    0x08000198   0x08000198   0x00000000   Code   RO         1284    .ARM.Collect$$libinit$$00000004  c_w.l(libinit2.o)
    0x08000198   0x08000198   0x00000000   Code   RO         1286    .ARM.Collect$$libinit$$00000006  c_w.l(libinit2.o)
    0x08000198   0x08000198   0x00000000   Code   RO         1289    .ARM.Collect$$libinit$$0000000C  c_w.l(libinit2.o)
    0x08000198   0x08000198   0x00000000   Code   RO         1291    .ARM.Collect$$libinit$$0000000E  c_w.l(libinit2.o)
    0x08000198   0x08000198   0x00000000   Code   RO         1293    .ARM.Collect$$libinit$$00000010  c_w.l(libinit2.o)
    0x08000198   0x08000198   0x00000000   Code   RO         1296    .ARM.Collect$$libinit$$00000013  c_w.l(libinit2.o)
    0x08000198   0x08000198   0x00000000   Code   RO         1298    .ARM.Collect$$libinit$$00000015  c_w.l(libinit2.o)
    0x08000198   0x08000198   0x00000000   Code   RO         1300    .ARM.Collect$$libinit$$00000017  c_w.l(libinit2.o)
    0x08000198   0x08000198   0x00000000   Code   RO         1302    .ARM.Collect$$libinit$$00000019  c_w.l(libinit2.o)
    0x08000198   0x08000198   0x00000000   Code   RO         1304    .ARM.Collect$$libinit$$0000001B  c_w.l(libinit2.o)
    0x08000198   0x08000198   0x00000000   Code   RO         1306    .ARM.Collect$$libinit$$0000001D  c_w.l(libinit2.o)
    0x08000198   0x08000198   0x00000000   Code   RO         1308    .ARM.Collect$$libinit$$0000001F  c_w.l(libinit2.o)
    0x08000198   0x08000198   0x00000000   Code   RO         1310    .ARM.Collect$$libinit$$00000021  c_w.l(libinit2.o)
    0x08000198   0x08000198   0x00000000   Code   RO         1312    .ARM.Collect$$libinit$$00000023  c_w.l(libinit2.o)
    0x08000198   0x08000198   0x00000000   Code   RO         1314    .ARM.Collect$$libinit$$00000025  c_w.l(libinit2.o)
    0x08000198   0x08000198   0x00000000   Code   RO         1316    .ARM.Collect$$libinit$$00000027  c_w.l(libinit2.o)
    0x08000198   0x08000198   0x00000000   Code   RO         1320    .ARM.Collect$$libinit$$0000002E  c_w.l(libinit2.o)
    0x08000198   0x08000198   0x00000000   Code   RO         1322    .ARM.Collect$$libinit$$00000030  c_w.l(libinit2.o)
    0x08000198   0x08000198   0x00000000   Code   RO         1324    .ARM.Collect$$libinit$$00000032  c_w.l(libinit2.o)
    0x08000198   0x08000198   0x00000000   Code   RO         1326    .ARM.Collect$$libinit$$00000034  c_w.l(libinit2.o)
    0x08000198   0x08000198   0x00000002   Code   RO         1327    .ARM.Collect$$libinit$$00000035  c_w.l(libinit2.o)
    0x0800019a   0x0800019a   0x00000002   Code   RO         1349    .ARM.Collect$$libshutdown$$00000000  c_w.l(libshutdown.o)
    0x0800019c   0x0800019c   0x00000000   Code   RO         1364    .ARM.Collect$$libshutdown$$00000002  c_w.l(libshutdown2.o)
    0x0800019c   0x0800019c   0x00000000   Code   RO         1366    .ARM.Collect$$libshutdown$$00000004  c_w.l(libshutdown2.o)
    0x0800019c   0x0800019c   0x00000000   Code   RO         1369    .ARM.Collect$$libshutdown$$00000007  c_w.l(libshutdown2.o)
    0x0800019c   0x0800019c   0x00000000   Code   RO         1372    .ARM.Collect$$libshutdown$$0000000A  c_w.l(libshutdown2.o)
    0x0800019c   0x0800019c   0x00000000   Code   RO         1374    .ARM.Collect$$libshutdown$$0000000C  c_w.l(libshutdown2.o)
    0x0800019c   0x0800019c   0x00000000   Code   RO         1377    .ARM.Collect$$libshutdown$$0000000F  c_w.l(libshutdown2.o)
    0x0800019c   0x0800019c   0x00000002   Code   RO         1378    .ARM.Collect$$libshutdown$$00000010  c_w.l(libshutdown2.o)
    0x0800019e   0x0800019e   0x00000000   Code   RO         1228    .ARM.Collect$$rtentry$$00000000  c_w.l(__rtentry.o)
    0x0800019e   0x0800019e   0x00000000   Code   RO         1250    .ARM.Collect$$rtentry$$00000002  c_w.l(__rtentry2.o)
    0x0800019e   0x0800019e   0x00000006   Code   RO         1262    .ARM.Collect$$rtentry$$00000004  c_w.l(__rtentry4.o)
    0x080001a4   0x080001a4   0x00000000   Code   RO         1252    .ARM.Collect$$rtentry$$00000009  c_w.l(__rtentry2.o)
    0x080001a4   0x080001a4   0x00000004   Code   RO         1253    .ARM.Collect$$rtentry$$0000000A  c_w.l(__rtentry2.o)
    0x080001a8   0x080001a8   0x00000000   Code   RO         1255    .ARM.Collect$$rtentry$$0000000C  c_w.l(__rtentry2.o)
    0x080001a8   0x080001a8   0x00000008   Code   RO         1256    .ARM.Collect$$rtentry$$0000000D  c_w.l(__rtentry2.o)
    0x080001b0   0x080001b0   0x00000002   Code   RO         1279    .ARM.Collect$$rtexit$$00000000  c_w.l(rtexit.o)
    0x080001b2   0x080001b2   0x00000000   Code   RO         1329    .ARM.Collect$$rtexit$$00000002  c_w.l(rtexit2.o)
    0x080001b2   0x080001b2   0x00000004   Code   RO         1330    .ARM.Collect$$rtexit$$00000003  c_w.l(rtexit2.o)
    0x080001b6   0x080001b6   0x00000006   Code   RO         1331    .ARM.Collect$$rtexit$$00000004  c_w.l(rtexit2.o)
    0x080001bc   0x080001bc   0x00000040   Code   RO            4    .text               startup_stm32f103xb.o
    0x080001fc   0x080001fc   0x00000028   Code   RO         1182    .text               c_w.l(noretval__2sprintf.o)
    0x08000224   0x08000224   0x00000078   Code   RO         1186    .text               c_w.l(_printf_dec.o)
    0x0800029c   0x0800029c   0x0000010e   Code   RO         1196    .text               c_w.l(__printf_wp.o)
    0x080003aa   0x080003aa   0x00000006   Code   RO         1210    .text               c_w.l(heapauxi.o)
    0x080003b0   0x080003b0   0x000000b2   Code   RO         1229    .text               c_w.l(_printf_intcommon.o)
    0x08000462   0x08000462   0x00000002   PAD
    0x08000464   0x08000464   0x00000030   Code   RO         1231    .text               c_w.l(_printf_char_common.o)
    0x08000494   0x08000494   0x0000000a   Code   RO         1233    .text               c_w.l(_sputc.o)
    0x0800049e   0x0800049e   0x0000004a   Code   RO         1266    .text               c_w.l(sys_stackheap_outer.o)
    0x080004e8   0x080004e8   0x00000012   Code   RO         1268    .text               c_w.l(exit.o)
    0x080004fa   0x080004fa   0x00000002   PAD
    0x080004fc   0x080004fc   0x00000008   Code   RO         1276    .text               c_w.l(libspace.o)
    0x08000504   0x08000504   0x0000000c   Code   RO         1339    .text               c_w.l(sys_exit.o)
    0x08000510   0x08000510   0x00000002   Code   RO         1354    .text               c_w.l(use_no_semi.o)
    0x08000512   0x08000512   0x00000000   Code   RO         1356    .text               c_w.l(indicate_semi.o)
    0x08000512   0x08000512   0x00000002   PAD
    0x08000514   0x08000514   0x00000002   Code   RO          201    .text.BusFault_Handler  stm32f1xx_it.o
    0x08000516   0x08000516   0x00000002   PAD
    0x08000518   0x08000518   0x00000002   Code   RO          207    .text.DebugMon_Handler  stm32f1xx_it.o
    0x0800051a   0x0800051a   0x00000002   PAD
    0x0800051c   0x0800051c   0x0000001e   Code   RO          238    .text.EOS_init      eos.o
    0x0800053a   0x0800053a   0x00000002   PAD
    0x0800053c   0x0800053c   0x0000000a   Code   RO           78    .text.Error_Handler  main.o
    0x08000546   0x08000546   0x00000002   PAD
    0x08000548   0x08000548   0x00000212   Code   RO          507    .text.HAL_GPIO_Init  stm32f1xx_hal_gpio.o
    0x0800075a   0x0800075a   0x00000002   PAD
    0x0800075c   0x0800075c   0x00000010   Code   RO          515    .text.HAL_GPIO_TogglePin  stm32f1xx_hal_gpio.o
    0x0800076c   0x0800076c   0x0000000a   Code   RO          513    .text.HAL_GPIO_WritePin  stm32f1xx_hal_gpio.o
    0x08000776   0x08000776   0x00000002   PAD
    0x08000778   0x08000778   0x0000000c   Code   RO          407    .text.HAL_GetTick   stm32f1xx_hal.o
    0x08000784   0x08000784   0x00000164   Code   RO          261    .text.HAL_I2C_Init  stm32f1xx_hal_i2c.o
    0x080008e8   0x080008e8   0x00000432   Code   RO          269    .text.HAL_I2C_Master_Transmit  stm32f1xx_hal_i2c.o
    0x08000d1a   0x08000d1a   0x00000002   PAD
    0x08000d1c   0x08000d1c   0x0000007a   Code   RO          137    .text.HAL_I2C_MspInit  i2c.o
    0x08000d96   0x08000d96   0x00000002   PAD
    0x08000d98   0x08000d98   0x00000026   Code   RO          395    .text.HAL_Init      stm32f1xx_hal.o
    0x08000dbe   0x08000dbe   0x00000002   PAD
    0x08000dc0   0x08000dc0   0x00000048   Code   RO          397    .text.HAL_InitTick  stm32f1xx_hal.o
    0x08000e08   0x08000e08   0x00000042   Code   RO          218    .text.HAL_MspInit   stm32f1xx_hal_msp.o
    0x08000e4a   0x08000e4a   0x00000002   PAD
    0x08000e4c   0x08000e4c   0x00000056   Code   RO          565    .text.HAL_NVIC_SetPriority  stm32f1xx_hal_cortex.o
    0x08000ea2   0x08000ea2   0x00000002   PAD
    0x08000ea4   0x08000ea4   0x00000020   Code   RO          563    .text.HAL_NVIC_SetPriorityGrouping  stm32f1xx_hal_cortex.o
    0x08000ec4   0x08000ec4   0x000001c2   Code   RO          459    .text.HAL_RCC_ClockConfig  stm32f1xx_hal_rcc.o
    0x08001086   0x08001086   0x00000002   PAD
    0x08001088   0x08001088   0x00000026   Code   RO          471    .text.HAL_RCC_GetPCLK1Freq  stm32f1xx_hal_rcc.o
    0x080010ae   0x080010ae   0x00000002   PAD
    0x080010b0   0x080010b0   0x00000026   Code   RO          473    .text.HAL_RCC_GetPCLK2Freq  stm32f1xx_hal_rcc.o
    0x080010d6   0x080010d6   0x00000002   PAD
    0x080010d8   0x080010d8   0x00000400   Code   RO          457    .text.HAL_RCC_OscConfig  stm32f1xx_hal_rcc.o
    0x080014d8   0x080014d8   0x0000002c   Code   RO          575    .text.HAL_SYSTICK_Config  stm32f1xx_hal_cortex.o
    0x08001504   0x08001504   0x0000007e   Code   RO         1022    .text.HAL_TIMEx_MasterConfigSynchronization  stm32f1xx_hal_tim_ex.o
    0x08001582   0x08001582   0x00000002   PAD
    0x08001584   0x08001584   0x000000ec   Code   RO          728    .text.HAL_TIM_Base_Init  stm32f1xx_hal_tim.o
    0x08001670   0x08001670   0x0000005a   Code   RO          160    .text.HAL_TIM_Base_MspInit  tim.o
    0x080016ca   0x080016ca   0x00000002   PAD
    0x080016cc   0x080016cc   0x00000066   Code   RO          738    .text.HAL_TIM_Base_Start  stm32f1xx_hal_tim.o
    0x08001732   0x08001732   0x00000002   PAD
    0x08001734   0x08001734   0x00000196   Code   RO          908    .text.HAL_TIM_ConfigClockSource  stm32f1xx_hal_tim.o
    0x080018ca   0x080018ca   0x00000002   PAD
    0x080018cc   0x080018cc   0x0000014c   Code   RO          842    .text.HAL_TIM_Encoder_Init  stm32f1xx_hal_tim.o
    0x08001a18   0x08001a18   0x000000aa   Code   RO          162    .text.HAL_TIM_Encoder_MspInit  tim.o
    0x08001ac2   0x08001ac2   0x00000002   PAD
    0x08001ac4   0x08001ac4   0x000000bc   Code   RO          850    .text.HAL_TIM_Encoder_Start  stm32f1xx_hal_tim.o
    0x08001b80   0x08001b80   0x000001f4   Code   RO          882    .text.HAL_TIM_PWM_ConfigChannel  stm32f1xx_hal_tim.o
    0x08001d74   0x08001d74   0x000000ec   Code   RO          782    .text.HAL_TIM_PWM_Init  stm32f1xx_hal_tim.o
    0x08001e60   0x08001e60   0x00000002   Code   RO          784    .text.HAL_TIM_PWM_MspInit  stm32f1xx_hal_tim.o
    0x08001e62   0x08001e62   0x00000002   PAD
    0x08001e64   0x08001e64   0x000000da   Code   RO          790    .text.HAL_TIM_PWM_Start  stm32f1xx_hal_tim.o
    0x08001f3e   0x08001f3e   0x00000002   PAD
    0x08001f40   0x08001f40   0x000000b2   Code   RO          792    .text.HAL_TIM_PWM_Stop  stm32f1xx_hal_tim.o
    0x08001ff2   0x08001ff2   0x00000002   PAD
    0x08001ff4   0x08001ff4   0x000000e0   Code   RO         1046    .text.HAL_UART_Init  stm32f1xx_hal_uart.o
    0x080020d4   0x080020d4   0x0000007a   Code   RO          182    .text.HAL_UART_MspInit  usart.o
    0x0800214e   0x0800214e   0x00000002   PAD
    0x08002150   0x08002150   0x00000002   Code   RO          197    .text.HardFault_Handler  stm32f1xx_it.o
    0x08002152   0x08002152   0x00000002   PAD
    0x08002154   0x08002154   0x0000010c   Code   RO          125    .text.MX_GPIO_Init  gpio.o
    0x08002260   0x08002260   0x00000042   Code   RO          135    .text.MX_I2C1_Init  i2c.o
    0x080022a2   0x080022a2   0x00000002   PAD
    0x080022a4   0x080022a4   0x00000076   Code   RO          150    .text.MX_TIM1_Init  tim.o
    0x0800231a   0x0800231a   0x00000002   PAD
    0x0800231c   0x0800231c   0x00000062   Code   RO          152    .text.MX_TIM2_Init  tim.o
    0x0800237e   0x0800237e   0x00000002   PAD
    0x08002380   0x08002380   0x0000013a   Code   RO          154    .text.MX_TIM3_Init  tim.o
    0x080024ba   0x080024ba   0x00000002   PAD
    0x080024bc   0x080024bc   0x00000066   Code   RO          158    .text.MX_TIM4_Init  tim.o
    0x08002522   0x08002522   0x00000002   PAD
    0x08002524   0x08002524   0x0000003c   Code   RO          180    .text.MX_USART1_UART_Init  usart.o
    0x08002560   0x08002560   0x00000002   Code   RO          199    .text.MemManage_Handler  stm32f1xx_it.o
    0x08002562   0x08002562   0x00000002   PAD
    0x08002564   0x08002564   0x00000002   Code   RO          195    .text.NMI_Handler   stm32f1xx_it.o
    0x08002566   0x08002566   0x00000002   PAD
    0x08002568   0x08002568   0x00000002   Code   RO          209    .text.PendSV_Handler  stm32f1xx_it.o
    0x0800256a   0x0800256a   0x00000002   PAD
    0x0800256c   0x0800256c   0x00000002   Code   RO          205    .text.SVC_Handler   stm32f1xx_it.o
    0x0800256e   0x0800256e   0x00000002   PAD
    0x08002570   0x08002570   0x00000026   Code   RO           80    .text.SysTick_Handler  main.o
    0x08002596   0x08002596   0x00000002   PAD
    0x08002598   0x08002598   0x00000002   Code   RO         1164    .text.SystemInit    system_stm32f1xx.o
    0x0800259a   0x0800259a   0x00000002   PAD
    0x0800259c   0x0800259c   0x00000002   Code   RO          203    .text.UsageFault_Handler  stm32f1xx_it.o
    0x0800259e   0x0800259e   0x00000002   PAD
    0x080025a0   0x080025a0   0x00000144   Code   RO           68    .text.back_button   main.o
    0x080026e4   0x080026e4   0x0000005c   Code   RO           33    .text.catDay        dongco.o
    0x08002740   0x08002740   0x00000296   Code   RO           76    .text.change_ThongSo  main.o
    0x080029d6   0x080029d6   0x00000002   PAD
    0x080029d8   0x080029d8   0x00000146   Code   RO           50    .text.delay_ms      delay.o
    0x08002b1e   0x08002b1e   0x00000002   PAD
    0x08002b20   0x08002b20   0x0000002c   Code   RO           48    .text.delay_us      delay.o
    0x08002b4c   0x08002b4c   0x000000d4   Code   RO           64    .text.home_screen   main.o
    0x08002c20   0x08002c20   0x00000054   Code   RO           15    .text.lcd_clear     i2c-lcd.o
    0x08002c74   0x08002c74   0x00000116   Code   RO           19    .text.lcd_init      i2c-lcd.o
    0x08002d8a   0x08002d8a   0x00000002   PAD
    0x08002d8c   0x08002d8c   0x0000006e   Code   RO           17    .text.lcd_put_cur   i2c-lcd.o
    0x08002dfa   0x08002dfa   0x00000002   PAD
    0x08002dfc   0x08002dfc   0x00000044   Code   RO           11    .text.lcd_send_cmd  i2c-lcd.o
    0x08002e40   0x08002e40   0x0000005e   Code   RO           21    .text.lcd_send_string  i2c-lcd.o
    0x08002e9e   0x08002e9e   0x00000002   PAD
    0x08002ea0   0x08002ea0   0x00000778   Code   RO           60    .text.main          main.o
    0x08003618   0x08003618   0x00000144   Code   RO           86    .text.main_menu     main.o
    0x0800375c   0x0800375c   0x000000d4   Code   RO           90    .text.menuBatTat    main.o
    0x08003830   0x08003830   0x00000104   Code   RO           96    .text.menuXacNhan   main.o
    0x08003934   0x08003934   0x0000015a   Code   RO           66    .text.select_button  main.o
    0x08003a8e   0x08003a8e   0x00000002   PAD
    0x08003a90   0x08003a90   0x000000fc   Code   RO           92    .text.select_menuBatTat  main.o
    0x08003b8c   0x08003b8c   0x0000033c   Code   RO          100    .text.select_menuThongSo  main.o
    0x08003ec8   0x08003ec8   0x0000004a   Code   RO           31    .text.setDao        dongco.o
    0x08003f12   0x08003f12   0x00000002   PAD
    0x08003f14   0x08003f14   0x0000000e   Code   RO          227    .text.setValueEnc1  encoder.o
    0x08003f22   0x08003f22   0x00000002   PAD
    0x08003f24   0x08003f24   0x0000000e   Code   RO          229    .text.setValueEnc2  encoder.o
    0x08003f32   0x08003f32   0x00000002   PAD
    0x08003f34   0x08003f34   0x000000fc   Code   RO           84    .text.thongSo       main.o
    0x08004030   0x08004030   0x00000034   Code   RO           35    .text.tuotday_len   dongco.o
    0x08004064   0x08004064   0x00000034   Code   RO           37    .text.tuotday_xuong  dongco.o
    0x08004098   0x08004098   0x0000000e   Code   RO         1198    i._is_digit         c_w.l(__printf_wp.o)
    0x080040a6   0x080040a6   0x00000072   Code   RO         1226    i.roundf            m_ws.l(roundf.o)
    0x08004118   0x08004118   0x000000c4   Code   RO         1236    x$fpl$fadd          fz_ws.l(faddsub_clz.o)
    0x080041dc   0x080041dc   0x00000036   Code   RO         1214    x$fpl$ffix          fz_ws.l(ffix.o)
    0x08004212   0x08004212   0x00000002   PAD
    0x08004214   0x08004214   0x00000030   Code   RO         1219    x$fpl$fflt          fz_ws.l(fflt_clz.o)
    0x08004244   0x08004244   0x00000102   Code   RO         1224    x$fpl$fmul          fz_ws.l(fmul.o)
    0x08004346   0x08004346   0x0000008c   Code   RO         1242    x$fpl$fnaninf       fz_ws.l(fnaninf.o)
    0x080043d2   0x080043d2   0x0000000a   Code   RO         1244    x$fpl$fretinf       fz_ws.l(fretinf.o)
    0x080043dc   0x080043dc   0x00000060   Code   RO         1246    x$fpl$frnd          fz_ws.l(frnd.o)
    0x0800443c   0x0800443c   0x000000ea   Code   RO         1238    x$fpl$fsub          fz_ws.l(faddsub_clz.o)
    0x08004526   0x08004526   0x00000000   Code   RO         1248    x$fpl$usenofp       fz_ws.l(usenofp.o)
    0x08004526   0x08004526   0x00000002   Data   RO          484    .rodata..L__const.HAL_RCC_GetSysClockFreq.aPredivFactorTable  stm32f1xx_hal_rcc.o
    0x08004528   0x08004528   0x00000010   Data   RO         1169    .rodata.AHBPrescTable  system_stm32f1xx.o
    0x08004538   0x08004538   0x00000008   Data   RO         1170    .rodata.APBPrescTable  system_stm32f1xx.o
    0x08004540   0x08004540   0x00000010   Data   RO          483    .rodata.cst16       stm32f1xx_hal_rcc.o
    0x08004550   0x08004550   0x000000e9   Data   RO          109    .rodata.str1.1      main.o
    0x08004639   0x08004639   0x00000003   PAD
    0x0800463c   0x0800463c   0x00000020   Data   RO         1412    Region$$Table       anon$$obj.o


    Execution Region RW_IRAM1 (Exec base: 0x20000000, Load base: 0x08004660, Size: 0x00000890, Max: 0x00005000, ABSOLUTE)

    Exec Addr    Load Addr    Size         Type   Attr      Idx    E Section Name        Object

    0x20000000   0x08004660   0x0000001c   Data   RW          115    .data..L_MergedGlobals  main.o
    0x2000001c   0x0800467c   0x00000008   Data   RW          446    .data..L_MergedGlobals  stm32f1xx_hal.o
    0x20000024   0x08004684   0x00000004   Data   RW         1168    .data.SystemCoreClock  system_stm32f1xx.o
    0x20000028   0x08004688   0x00000002   Data   RW           39    .data.xungSetDao    dongco.o
    0x2000002a   0x0800468a   0x00000006   PAD
    0x20000030        -       0x00000060   Zero   RW         1277    .bss                c_w.l(libspace.o)
    0x20000090        -       0x00000041   Zero   RW          116    .bss..L_MergedGlobals.45  main.o
    0x200000d1   0x0800468a   0x00000003   PAD
    0x200000d4        -       0x00000054   Zero   RW          141    .bss.hi2c1          i2c.o
    0x20000128        -       0x00000048   Zero   RW          168    .bss.htim1          tim.o
    0x20000170        -       0x00000048   Zero   RW          169    .bss.htim2          tim.o
    0x200001b8        -       0x00000048   Zero   RW          170    .bss.htim3          tim.o
    0x20000200        -       0x00000048   Zero   RW          171    .bss.htim4          tim.o
    0x20000248        -       0x00000044   Zero   RW          186    .bss.huart1         usart.o
    0x2000028c        -       0x00000004   Zero   RW          445    .bss.uwTick         stm32f1xx_hal.o
    0x20000290        -       0x00000200   Zero   RW            2    HEAP                startup_stm32f103xb.o
    0x20000490        -       0x00000400   Zero   RW            1    STACK               startup_stm32f103xb.o


==============================================================================

Image component sizes


      Code (inc. data)   RO Data    RW Data    ZI Data      Debug   Object Name

       370          0          0          0          0       1294   delay.o
       270          0          0          2          0       1911   dongco.o
        28          0          0          0          0        627   encoder.o
        30          0          0          0          0        771   eos.o
       268          0          0          0          0       1849   gpio.o
       634          4          0          0          0       4845   i2c-lcd.o
       188          0          0          0         84       4887   i2c.o
      5632        554        233         28         65      13402   main.o
        64         26        236          0       1536        800   startup_stm32f103xb.o
       122          0          0          8          4       5755   stm32f1xx_hal.o
       162          0          0          0          0       8446   stm32f1xx_hal_cortex.o
       556         20          0          0          0       4636   stm32f1xx_hal_gpio.o
      1430          0          0          0          0      54830   stm32f1xx_hal_i2c.o
        66          0          0          0          0       1204   stm32f1xx_hal_msp.o
      1550          0         18          0          0       7927   stm32f1xx_hal_rcc.o
      2398          6          0          0          0      55066   stm32f1xx_hal_tim.o
       126          0          0          0          0      20440   stm32f1xx_hal_tim_ex.o
       224          0          0          0          0      23848   stm32f1xx_hal_uart.o
        16          0          0          0          0        931   stm32f1xx_it.o
         2          0         24          4          0       1593   system_stm32f1xx.o
       892          0          0          0        288       8902   tim.o
       182          0          0          0         68       4439   usart.o

    ----------------------------------------------------------------------
     15300        610        546         44       2052     228403   Object Totals
         0          0         32          0          0          0   (incl. Generated)
        90          0          3          2          7          0   (incl. Padding)

    ----------------------------------------------------------------------

      Code (inc. data)   RO Data    RW Data    ZI Data      Debug   Library Member Name

         8          0          0          0          0         68   __main.o
       284          0          0          0          0        156   __printf_wp.o
         0          0          0          0          0          0   __rtentry.o
        12          0          0          0          0          0   __rtentry2.o
         6          0          0          0          0          0   __rtentry4.o
        94          8          0          0          0          0   __scatter.o
        26          0          0          0          0          0   __scatter_copy.o
        28          0          0          0          0          0   __scatter_zi.o
        48          6          0          0          0         96   _printf_char_common.o
         6          0          0          0          0          0   _printf_d.o
       120         16          0          0          0         92   _printf_dec.o
       178          0          0          0          0         88   _printf_intcommon.o
         0          0          0          0          0          0   _printf_percent.o
         4          0          0          0          0          0   _printf_percent_end.o
        10          0          0          0          0         68   _sputc.o
        18          0          0          0          0         80   exit.o
         6          0          0          0          0        152   heapauxi.o
         0          0          0          0          0          0   indicate_semi.o
         2          0          0          0          0          0   libinit.o
         2          0          0          0          0          0   libinit2.o
         2          0          0          0          0          0   libshutdown.o
         2          0          0          0          0          0   libshutdown2.o
         8          4          0          0         96         68   libspace.o
        40          6          0          0          0         84   noretval__2sprintf.o
         2          0          0          0          0          0   rtexit.o
        10          0          0          0          0          0   rtexit2.o
        12          4          0          0          0         68   sys_exit.o
        74          0          0          0          0         80   sys_stackheap_outer.o
         2          0          0          0          0         68   use_no_semi.o
       430          8          0          0          0        168   faddsub_clz.o
        54          4          0          0          0         84   ffix.o
        48          0          0          0          0         68   fflt_clz.o
       258          4          0          0          0         84   fmul.o
       140          4          0          0          0         84   fnaninf.o
        10          0          0          0          0         68   fretinf.o
        96          4          0          0          0         76   frnd.o
         0          0          0          0          0          0   usenofp.o
       114          0          0          0          0         80   roundf.o

    ----------------------------------------------------------------------
      2166         68          0          0         96       1880   Library Totals
        12          0          0          0          0          0   (incl. Padding)

    ----------------------------------------------------------------------

      Code (inc. data)   RO Data    RW Data    ZI Data      Debug   Library Name

      1004         44          0          0         96       1168   c_w.l
      1036         24          0          0          0        632   fz_ws.l
       114          0          0          0          0         80   m_ws.l

    ----------------------------------------------------------------------
      2166         68          0          0         96       1880   Library Totals

    ----------------------------------------------------------------------

==============================================================================


      Code (inc. data)   RO Data    RW Data    ZI Data      Debug   

     17466        678        546         44       2148     229011   Grand Totals
     17466        678        546         44       2148     229011   ELF Image Totals
     17466        678        546         44          0          0   ROM Totals

==============================================================================

    Total RO  Size (Code + RO Data)                18012 (  17.59kB)
    Total RW  Size (RW Data + ZI Data)              2192 (   2.14kB)
    Total ROM Size (Code + RO Data + RW Data)      18056 (  17.63kB)

==============================================================================

